Component: Arm Compiler for Embedded 6.19 Tool: armlink [5e73cb00]

==============================================================================

Section Cross References

    led.o(.ARM.exidx.text.led_gpio_config) refers to led.o(.text.led_gpio_config) for [Anonymous Symbol]
    led.o(.ARM.exidx.text.led_off) refers to led.o(.text.led_off) for [Anonymous Symbol]
    led.o(.ARM.exidx.text.led_on) refers to led.o(.text.led_on) for [Anonymous Symbol]
    led.o(.ARM.exidx.text.led_toggle) refers to led.o(.text.led_toggle) for [Anonymous Symbol]
    main.o(.text.main) refers to system_clock_80mhz.o(.text.system_clock_80MHz) for system_clock_80MHz
    main.o(.text.main) refers to led.o(.text.led_gpio_config) for led_gpio_config
    main.o(.text.main) refers to queue.o(.text.xQueueGenericCreate) for xQueueGenericCreate
    main.o(.text.main) refers to main.o(.bss.xQueue) for xQueue
    main.o(.text.main) refers to system_stm32l4xx.o(.text.SystemCoreClockUpdate) for SystemCoreClockUpdate
    main.o(.text.main) refers to led.o(.text.led_off) for led_off
    main.o(.text.main) refers to main.o(.text.senderTask) for senderTask
    main.o(.text.main) refers to tasks.o(.text.xTaskCreate) for xTaskCreate
    main.o(.text.main) refers to tasks.o(.text.vTaskStartScheduler) for vTaskStartScheduler
    main.o(.ARM.exidx.text.main) refers to main.o(.text.main) for [Anonymous Symbol]
    main.o(.text.senderTask) refers to main.o(.bss.xQueue) for xQueue
    main.o(.text.senderTask) refers to led.o(.text.led_on) for led_on
    main.o(.text.senderTask) refers to queue.o(.text.xQueueGenericSend) for xQueueGenericSend
    main.o(.text.senderTask) refers to led.o(.text.led_toggle) for led_toggle
    main.o(.text.senderTask) refers to tasks.o(.text.vTaskDelay) for vTaskDelay
    main.o(.ARM.exidx.text.senderTask) refers to main.o(.text.senderTask) for [Anonymous Symbol]
    system_clock_80mhz.o(.ARM.exidx.text.system_clock_80MHz) refers to system_clock_80mhz.o(.text.system_clock_80MHz) for [Anonymous Symbol]
    clib_arm.o(.text._platform_post_stackheap_init) refers to freertos_evr.o(.text.EvrFreeRTOSSetup) for EvrFreeRTOSSetup
    clib_arm.o(.ARM.exidx.text._platform_post_stackheap_init) refers to clib_arm.o(.text._platform_post_stackheap_init) for [Anonymous Symbol]
    clib_arm.o(.text.__user_perthread_libspace) refers to tasks.o(.text.xTaskGetSchedulerState) for xTaskGetSchedulerState
    clib_arm.o(.text.__user_perthread_libspace) refers to clib_arm.o(.bss.os_libspace) for os_libspace
    clib_arm.o(.text.__user_perthread_libspace) refers to tasks.o(.text.xTaskGetCurrentTaskHandle) for xTaskGetCurrentTaskHandle
    clib_arm.o(.text.__user_perthread_libspace) refers to clib_arm.o(.bss.os_libspace_id) for os_libspace_id
    clib_arm.o(.ARM.exidx.text.__user_perthread_libspace) refers to clib_arm.o(.text.__user_perthread_libspace) for [Anonymous Symbol]
    clib_arm.o(.text._mutex_initialize) refers to clib_arm.o(.bss.clib_mutex_cb) for clib_mutex_cb
    clib_arm.o(.text._mutex_initialize) refers to clib_arm.o(.bss.clib_mutex_id) for clib_mutex_id
    clib_arm.o(.text._mutex_initialize) refers to queue.o(.text.xQueueCreateMutexStatic) for xQueueCreateMutexStatic
    clib_arm.o(.text._mutex_initialize) refers to tasks.o(.text.xTaskGetSchedulerState) for xTaskGetSchedulerState
    clib_arm.o(.text._mutex_initialize) refers to queue.o(.text.xQueueCreateMutex) for xQueueCreateMutex
    clib_arm.o(.ARM.exidx.text._mutex_initialize) refers to clib_arm.o(.text._mutex_initialize) for [Anonymous Symbol]
    clib_arm.o(.text._mutex_acquire) refers to tasks.o(.text.xTaskGetSchedulerState) for xTaskGetSchedulerState
    clib_arm.o(.text._mutex_acquire) refers to queue.o(.text.xQueueSemaphoreTake) for xQueueSemaphoreTake
    clib_arm.o(.ARM.exidx.text._mutex_acquire) refers to clib_arm.o(.text._mutex_acquire) for [Anonymous Symbol]
    clib_arm.o(.text._mutex_release) refers to tasks.o(.text.xTaskGetSchedulerState) for xTaskGetSchedulerState
    clib_arm.o(.text._mutex_release) refers to queue.o(.text.xQueueGenericSend) for xQueueGenericSend
    clib_arm.o(.ARM.exidx.text._mutex_release) refers to clib_arm.o(.text._mutex_release) for [Anonymous Symbol]
    clib_arm.o(.text._mutex_free) refers to queue.o(.text.vQueueDelete) for vQueueDelete
    clib_arm.o(.text._mutex_free) refers to clib_arm.o(.bss.clib_mutex_id) for clib_mutex_id
    clib_arm.o(.ARM.exidx.text._mutex_free) refers to clib_arm.o(.text._mutex_free) for [Anonymous Symbol]
    cmsis_os2.o(.text.SysTick_Handler) refers to tasks.o(.text.xTaskGetSchedulerState) for xTaskGetSchedulerState
    cmsis_os2.o(.text.SysTick_Handler) refers to port.o(.text.xPortSysTickHandler) for xPortSysTickHandler
    cmsis_os2.o(.ARM.exidx.text.SysTick_Handler) refers to cmsis_os2.o(.text.SysTick_Handler) for [Anonymous Symbol]
    cmsis_os2.o(.text.osKernelInitialize) refers to tasks.o(.text.xTaskGetSchedulerState) for xTaskGetSchedulerState
[...]
    .ARM.Collect$$libshutdown$$00000010      0x08000206   Section        2  libshutdown2.o(.ARM.Collect$$libshutdown$$00000010)
    .ARM.Collect$$rtentry$$00000000          0x08000208   Section        0  __rtentry.o(.ARM.Collect$$rtentry$$00000000)
    .ARM.Collect$$rtentry$$00000002          0x08000208   Section        0  __rtentry2.o(.ARM.Collect$$rtentry$$00000002)
    .ARM.Collect$$rtentry$$00000004          0x08000208   Section        6  __rtentry4.o(.ARM.Collect$$rtentry$$00000004)
    .ARM.Collect$$rtentry$$00000008          0x0800020e   Section        8  __rtentry2.o(.ARM.Collect$$rtentry$$00000008)
    .ARM.Collect$$rtentry$$0000000A          0x08000216   Section        4  __rtentry2.o(.ARM.Collect$$rtentry$$0000000A)
    .ARM.Collect$$rtentry$$0000000C          0x0800021a   Section        0  __rtentry2.o(.ARM.Collect$$rtentry$$0000000C)
    .ARM.Collect$$rtentry$$0000000D          0x0800021a   Section        8  __rtentry2.o(.ARM.Collect$$rtentry$$0000000D)
    .ARM.Collect$$rtexit$$00000000           0x08000222   Section        2  rtexit.o(.ARM.Collect$$rtexit$$00000000)
    .ARM.Collect$$rtexit$$00000002           0x08000224   Section        0  rtexit2.o(.ARM.Collect$$rtexit$$00000002)
    .ARM.Collect$$rtexit$$00000003           0x08000224   Section        4  rtexit2.o(.ARM.Collect$$rtexit$$00000003)
    .ARM.Collect$$rtexit$$00000004           0x08000228   Section        6  rtexit2.o(.ARM.Collect$$rtexit$$00000004)
    $v0                                      0x08000230   Number         0  startup_stm32l476xx.o(.text)
    .text                                    0x08000230   Section       64  startup_stm32l476xx.o(.text)
    .text                                    0x08000270   Section      138  rt_memcpy_v6.o(.text)
    .text                                    0x080002fa   Section       16  aeabi_memset4.o(.text)
    .text                                    0x0800030a   Section       68  rt_memclr.o(.text)
    .text                                    0x0800034e   Section       78  rt_memclr_w.o(.text)
    .text                                    0x0800039c   Section        0  heapauxi.o(.text)
    .text                                    0x080003a2   Section      100  rt_memcpy_w.o(.text)
    .text                                    0x08000406   Section       74  sys_stackheap_outer.o(.text)
    .text                                    0x08000450   Section        0  exit.o(.text)
    .text                                    0x08000464   Section        8  libspace.o(.text)
    .text                                    0x0800046c   Section        0  sys_exit.o(.text)
    .text                                    0x08000478   Section        2  use_no_semi.o(.text)
    .text                                    0x0800047a   Section        0  indicate_semi.o(.text)
    [Anonymous Symbol]                       0x0800047c   Section        0  eventrecorder.o(.text.EventRecord2)
    [Anonymous Symbol]                       0x08000618   Section        0  eventrecorder.o(.text.EventRecord4)
    [Anonymous Symbol]                       0x080008c8   Section        0  eventrecorder.o(.text.EventRecorderEnable)
    [Anonymous Symbol]                       0x08000934   Section        0  eventrecorder.o(.text.EventRecorderInitialize)
    [Anonymous Symbol]                       0x08000c14   Section        0  eventrecorder.o(.text.EventRecorderStart)
    [Anonymous Symbol]                       0x08000d64   Section        0  eventrecorder.o(.text.EventRecorderTimerGetCount)
    [Anonymous Symbol]                       0x08000d70   Section        0  eventrecorder.o(.text.EventRecorderTimerGetFreq)
    [Anonymous Symbol]                       0x08000d7c   Section        0  eventrecorder.o(.text.EventRecorderTimerSetup)
    [Anonymous Symbol]                       0x08000da0   Section        0  freertos_evr.o(.text.EvrFreeRTOSHeap_Free)
    [Anonymous Symbol]                       0x08000db0   Section        0  freertos_evr.o(.text.EvrFreeRTOSHeap_Malloc)
    [Anonymous Symbol]                       0x08000dbc   Section        0  freertos_evr.o(.text.EvrFreeRTOSQueue_BlockingOnQueueReceive)
    [Anonymous Symbol]                       0x08000dcc   Section        0  freertos_evr.o(.text.EvrFreeRTOSQueue_BlockingOnQueueSend)
    [Anonymous Symbol]                       0x08000ddc   Section        0  freertos_evr.o(.text.EvrFreeRTOSQueue_CreateMutex)
    [Anonymous Symbol]                       0x08000dec   Section        0  freertos_evr.o(.text.EvrFreeRTOSQueue_CreateMutexFailed)
    [Anonymous Symbol]                       0x08000df8   Section        0  freertos_evr.o(.text.EvrFreeRTOSQueue_QueueCreate)
    [Anonymous Symbol]                       0x08000e08   Section        0  freertos_evr.o(.text.EvrFreeRTOSQueue_QueueCreateFailed)
    [Anonymous Symbol]                       0x08000e14   Section        0  freertos_evr.o(.text.EvrFreeRTOSQueue_QueueDelete)
    [Anonymous Symbol]                       0x08000e24   Section        0  freertos_evr.o(.text.EvrFreeRTOSQueue_QueueReceive)
    [Anonymous Symbol]                       0x08000e34   Section        0  freertos_evr.o(.text.EvrFreeRTOSQueue_QueueReceiveFailed)
    [Anonymous Symbol]                       0x08000e40   Section        0  freertos_evr.o(.text.EvrFreeRTOSQueue_QueueSend)
    [Anonymous Symbol]                       0x08000e50   Section        0  freertos_evr.o(.text.EvrFreeRTOSQueue_QueueSendFailed)
    [Anonymous Symbol]                       0x08000e5c   Section        0  freertos_evr.o(.text.EvrFreeRTOSSetup)
    [Anonymous Symbol]                       0x08000ed4   Section        0  freertos_evr.o(.text.EvrFreeRTOSTasks_MovedTaskToReadyState)
    [Anonymous Symbol]                       0x08000ee4   Section        0  freertos_evr.o(.text.EvrFreeRTOSTasks_PostMovedTaskToReadyState)
    [Anonymous Symbol]                       0x08000ef4   Section        0  freertos_evr.o(.text.EvrFreeRTOSTasks_TaskCreate)
    [Anonymous Symbol]                       0x08000f00   Section        0  freertos_evr.o(.text.EvrFreeRTOSTasks_TaskDelay)
    [Anonymous Symbol]                       0x08000f10   Section        0  freertos_evr.o(.text.EvrFreeRTOSTasks_TaskDelayUntil)
    [Anonymous Symbol]                       0x08000f20   Section        0  freertos_evr.o(.text.EvrFreeRTOSTasks_TaskIncrementTick)
    [Anonymous Symbol]                       0x08000f30   Section        0  freertos_evr.o(.text.EvrFreeRTOSTasks_TaskPriorityDisinherit)
    [Anonymous Symbol]                       0x08000f40   Section        0  freertos_evr.o(.text.EvrFreeRTOSTasks_TaskPriorityInherit)
    [Anonymous Symbol]                       0x08000f50   Section        0  freertos_evr.o(.text.EvrFreeRTOSTasks_TaskSwitchedIn)
    [Anonymous Symbol]                       0x08000f60   Section        0  freertos_evr.o(.text.EvrFreeRTOSTasks_TaskSwitchedOut)
    [Anonymous Symbol]                       0x08000f70   Section        0  freertos_evr.o(.text.EvrFreeRTOSTimers_TimerCommandReceived)
    [Anonymous Symbol]                       0x08000f94   Section        0  freertos_evr.o(.text.EvrFreeRTOSTimers_TimerExpired)
    [Anonymous Symbol]                       0x08000fb0   Section        0  port.o(.text.PendSV_Handler)
    pxCurrentTCBConst                        0x08001010   Number         0  port.o(.text.PendSV_Handler)
    [Anonymous Symbol]                       0x08001030   Section        0  port.o(.text.SVC_Handler)
    pxCurrentTCBConst2                       0x08001050   Number         0  port.o(.text.SVC_Handler)
    [Anonymous Symbol]                       0x08001060   Section        0  cmsis_os2.o(.text.SysTick_Handler)
    [Anonymous Symbol]                       0x08001080   Section        0  system_stm32l4xx.o(.text.SystemCoreClockUpdate)
    [Anonymous Symbol]                       0x08001140   Section        0  system_stm32l4xx.o(.text.SystemInit)
    __tagsym$$used.1                         0x08001154   Number         0  clib_arm.o(.text._mutex_acquire)
    [Anonymous Symbol]                       0x08001154   Section        0  clib_arm.o(.text._mutex_acquire)
    __tagsym$$used.3                         0x08001178   Number         0  clib_arm.o(.text._mutex_free)
    [Anonymous Symbol]                       0x08001178   Section        0  clib_arm.o(.text._mutex_free)
    __tagsym$$used.0                         0x080011a8   Number         0  clib_arm.o(.text._mutex_initialize)
    [Anonymous Symbol]                       0x080011a8   Section        0  clib_arm.o(.text._mutex_initialize)
    __tagsym$$used.2                         0x08001204   Number         0  clib_arm.o(.text._mutex_release)
    [Anonymous Symbol]                       0x08001204   Section        0  clib_arm.o(.text._mutex_release)
    [Anonymous Symbol]                       0x0800122c   Section        0  clib_arm.o(.text._platform_post_stackheap_init)
    [Anonymous Symbol]                       0x08001234   Section        0  led.o(.text.led_gpio_config)
    [Anonymous Symbol]                       0x08001318   Section        0  led.o(.text.led_off)
    [Anonymous Symbol]                       0x08001340   Section        0  led.o(.text.led_on)
    [Anonymous Symbol]                       0x0800136c   Section        0  led.o(.text.led_toggle)
    [Anonymous Symbol]                       0x08001398   Section        0  main.o(.text.main)
    prvAddCurrentTaskToDelayedList           0x08001409   Thumb Code   158  tasks.o(.text.prvAddCurrentTaskToDelayedList)
    [Anonymous Symbol]                       0x08001408   Section        0  tasks.o(.text.prvAddCurrentTaskToDelayedList)
    prvAddNewTaskToReadyList                 0x080014a9   Thumb Code   324  tasks.o(.text.prvAddNewTaskToReadyList)
    [Anonymous Symbol]                       0x080014a8   Section        0  tasks.o(.text.prvAddNewTaskToReadyList)
    prvIdleTask                              0x080015ed   Thumb Code   130  tasks.o(.text.prvIdleTask)
    [Anonymous Symbol]                       0x080015ec   Section        0  tasks.o(.text.prvIdleTask)
    prvPortStartFirstTask                    0x08001671   Thumb Code    40  port.o(.text.prvPortStartFirstTask)
    [Anonymous Symbol]                       0x08001670   Section        0  port.o(.text.prvPortStartFirstTask)
    prvProcessExpiredTimer                   0x08001699   Thumb Code   142  timers.o(.text.prvProcessExpiredTimer)
    [Anonymous Symbol]                       0x08001698   Section        0  timers.o(.text.prvProcessExpiredTimer)
    prvTaskExitError                         0x08001729   Thumb Code    34  port.o(.text.prvTaskExitError)
    [Anonymous Symbol]                       0x08001728   Section        0  port.o(.text.prvTaskExitError)
    prvTimerTask                             0x0800174d   Thumb Code   586  timers.o(.text.prvTimerTask)
    [Anonymous Symbol]                       0x0800174c   Section        0  timers.o(.text.prvTimerTask)
    prvUnlockQueue                           0x08001999   Thumb Code   116  queue.o(.text.prvUnlockQueue)
    [Anonymous Symbol]                       0x08001998   Section        0  queue.o(.text.prvUnlockQueue)
    [Anonymous Symbol]                       0x08001a0c   Section        0  heap_4.o(.text.pvPortMalloc)
    [Anonymous Symbol]                       0x08001b88   Section        0  tasks.o(.text.pvTaskIncrementMutexHeldCount)
    [Anonymous Symbol]                       0x08001ba0   Section        0  port.o(.text.pxPortInitialiseStack)
    [Anonymous Symbol]                       0x08001bc8   Section        0  main.o(.text.senderTask)
    [Anonymous Symbol]                       0x08001c00   Section        0  system_clock_80mhz.o(.text.system_clock_80MHz)
    [Anonymous Symbol]                       0x08001d1c   Section        0  list.o(.text.uxListRemove)
    [Anonymous Symbol]                       0x08001d40   Section        0  cmsis_os2.o(.text.vApplicationGetIdleTaskMemory)
    [Anonymous Symbol]                       0x08001d5c   Section        0  cmsis_os2.o(.text.vApplicationGetTimerTaskMemory)
    [Anonymous Symbol]                       0x08001d78   Section        0  cmsis_os2.o(.text.vApplicationStackOverflowHook)
    [Anonymous Symbol]                       0x08001d7c   Section        0  list.o(.text.vListInitialise)
    [Anonymous Symbol]                       0x08001d94   Section        0  list.o(.text.vListInitialiseItem)
    [Anonymous Symbol]                       0x08001d9c   Section        0  list.o(.text.vListInsert)
    vPortEnableVFP                           0x08001dd9   Thumb Code    20  port.o(.text.vPortEnableVFP)
    [Anonymous Symbol]                       0x08001dd8   Section        0  port.o(.text.vPortEnableVFP)
    [Anonymous Symbol]                       0x08001dec   Section        0  port.o(.text.vPortEnterCritical)
    [Anonymous Symbol]                       0x08001e0c   Section        0  port.o(.text.vPortExitCritical)
    [Anonymous Symbol]                       0x08001e28   Section        0  heap_4.o(.text.vPortFree)
    [Anonymous Symbol]                       0x08001ed0   Section        0  port.o(.text.vPortSetupTimerInterrupt)
    [Anonymous Symbol]                       0x08001f04   Section        0  queue.o(.text.vQueueDelete)
    [Anonymous Symbol]                       0x08001f20   Section        0  queue.o(.text.vQueueWaitForMessageRestricted)
    [Anonymous Symbol]                       0x08001f68   Section        0  tasks.o(.text.vTaskDelay)
    [Anonymous Symbol]                       0x08001ffc   Section        0  tasks.o(.text.vTaskInternalSetTimeOutState)
    [Anonymous Symbol]                       0x08002018   Section        0  tasks.o(.text.vTaskMissedYield)
    [Anonymous Symbol]                       0x08002028   Section        0  tasks.o(.text.vTaskPlaceOnEventList)
    [Anonymous Symbol]                       0x08002048   Section        0  tasks.o(.text.vTaskPlaceOnEventListRestricted)
    [Anonymous Symbol]                       0x080020ac   Section        0  tasks.o(.text.vTaskPriorityDisinheritAfterTimeout)
    [Anonymous Symbol]                       0x08002148   Section        0  tasks.o(.text.vTaskStartScheduler)
    [Anonymous Symbol]                       0x080021f4   Section        0  tasks.o(.text.vTaskSuspendAll)
    __tagsym$$used.0                         0x08002204   Number         0  tasks.o(.text.vTaskSwitchContext)
    [Anonymous Symbol]                       0x08002204   Section        0  tasks.o(.text.vTaskSwitchContext)
    [Anonymous Symbol]                       0x080022c4   Section        0  port.o(.text.xPortStartScheduler)
    [Anonymous Symbol]                       0x08002328   Section        0  port.o(.text.xPortSysTickHandler)
    [Anonymous Symbol]                       0x08002358   Section        0  queue.o(.text.xQueueCreateMutex)
    [Anonymous Symbol]                       0x08002390   Section        0  queue.o(.text.xQueueCreateMutexStatic)
    [Anonymous Symbol]                       0x0800241c   Section        0  queue.o(.text.xQueueGenericCreate)
    [Anonymous Symbol]                       0x080024b0   Section        0  queue.o(.text.xQueueGenericCreateStatic)
    [Anonymous Symbol]                       0x08002538   Section        0  queue.o(.text.xQueueGenericSend)
    [Anonymous Symbol]                       0x080026f4   Section        0  queue.o(.text.xQueueReceive)
    [Anonymous Symbol]                       0x0800285c   Section        0  queue.o(.text.xQueueSemaphoreTake)
    [Anonymous Symbol]                       0x080029e8   Section        0  tasks.o(.text.xTaskCheckForTimeOut)
    [Anonymous Symbol]                       0x08002a50   Section        0  tasks.o(.text.xTaskCreate)
    [Anonymous Symbol]                       0x08002b28   Section        0  tasks.o(.text.xTaskCreateStatic)
    [Anonymous Symbol]                       0x08002bd0   Section        0  tasks.o(.text.xTaskGetSchedulerState)
    [Anonymous Symbol]                       0x08002bf8   Section        0  tasks.o(.text.xTaskGetTickCount)
    [Anonymous Symbol]                       0x08002c04   Section        0  tasks.o(.text.xTaskIncrementTick)
    [Anonymous Symbol]                       0x08002db8   Section        0  tasks.o(.text.xTaskPriorityDisinherit)
    [Anonymous Symbol]                       0x08002e40   Section        0  tasks.o(.text.xTaskPriorityInherit)
    [Anonymous Symbol]                       0x08002f00   Section        0  tasks.o(.text.xTaskRemoveFromEventList)
    [Anonymous Symbol]                       0x08002fe0   Section        0  tasks.o(.text.xTaskResumeAll)
    [Anonymous Symbol]                       0x08003170   Section        0  timers.o(.text.xTimerCreateTimerTask)
    $v0                                      0x08003228   Number         0  fpinit.o(x$fpl$fpinit)
    x$fpl$fpinit                             0x08003228   Section       26  fpinit.o(x$fpl$fpinit)
    __tagsym$$used.0                         0x08003254   Number         0  eventrecorder.o(.rodata.EventRecorderInfo)
    uxCriticalNesting                        0x20000004   Data           4  port.o(.data.uxCriticalNesting)
    [Anonymous Symbol]                       0x20000004   Section        0  port.o(.data.uxCriticalNesting)
    .bss                                     0x20000040   Section       96  libspace.o(.bss)
    EvrFreeRTOSSetup.init                    0x200000a0   Data           1  freertos_evr.o(.bss.EvrFreeRTOSSetup.init)
    [Anonymous Symbol]                       0x200000a0   Section        0  freertos_evr.o(.bss.EvrFreeRTOSSetup.init)
    TS_OverflowLock                          0x200000a1   Data           1  eventrecorder.o(.bss.TS_OverflowLock)
    [Anonymous Symbol]                       0x200000a1   Section        0  eventrecorder.o(.bss.TS_OverflowLock)
    clib_mutex_cb                            0x200000a4   Data         400  clib_arm.o(.bss.clib_mutex_cb)
    [Anonymous Symbol]                       0x200000a4   Section        0  clib_arm.o(.bss.clib_mutex_cb)
    clib_mutex_id                            0x20000234   Data          20  clib_arm.o(.bss.clib_mutex_id)
    [Anonymous Symbol]                       0x20000234   Section        0  clib_arm.o(.bss.clib_mutex_id)
    EventBuffer                              0x20000280   Data        1024  eventrecorder.o(.bss.noinit)
    [Anonymous Symbol]                       0x20000280   Section        0  eventrecorder.o(.bss.noinit)
    EventFilter                              0x20000680   Data         128  eventrecorder.o(.bss.noinit)
    EventStatus                              0x20000700   Data          36  eventrecorder.o(.bss.noinit)
    prvCheckForValidListAndQueue.ucStaticTimerQueueStorage 0x20000724   Data          80  timers.o(.bss.prvCheckForValidListAndQueue.ucStaticTimerQueueStorage)
    [Anonymous Symbol]                       0x20000724   Section        0  timers.o(.bss.prvCheckForValidListAndQueue.ucStaticTimerQueueStorage)
    prvCheckForValidListAndQueue.xStaticTimerQueue 0x20000774   Data          80  timers.o(.bss.prvCheckForValidListAndQueue.xStaticTimerQueue)
    [Anonymous Symbol]                       0x20000774   Section        0  timers.o(.bss.prvCheckForValidListAndQueue.xStaticTimerQueue)
    prvSampleTimeNow.xLastTime               0x200007c4   Data           4  timers.o(.bss.prvSampleTimeNow.xLastTime)
    [Anonymous Symbol]                       0x200007c4   Section        0  timers.o(.bss.prvSampleTimeNow.xLastTime)
    __tagsym$$used.1                         0x200007c8   Number         0  tasks.o(.bss.pxCurrentTCB)
    pxCurrentTimerList                       0x200007cc   Data           4  timers.o(.bss.pxCurrentTimerList)
    [Anonymous Symbol]                       0x200007cc   Section        0  timers.o(.bss.pxCurrentTimerList)
    pxDelayedTaskList                        0x200007d0   Data           4  tasks.o(.bss.pxDelayedTaskList)
    [Anonymous Symbol]                       0x200007d0   Section        0  tasks.o(.bss.pxDelayedTaskList)
    pxEnd                                    0x200007d4   Data           4  heap_4.o(.bss.pxEnd)
    [Anonymous Symbol]                       0x200007d4   Section        0  heap_4.o(.bss.pxEnd)
    pxOverflowDelayedTaskList                0x200007d8   Data           4  tasks.o(.bss.pxOverflowDelayedTaskList)
    [Anonymous Symbol]                       0x200007d8   Section        0  tasks.o(.bss.pxOverflowDelayedTaskList)
    pxOverflowTimerList                      0x200007dc   Data           4  timers.o(.bss.pxOverflowTimerList)
    [Anonymous Symbol]                       0x200007dc   Section        0  timers.o(.bss.pxOverflowTimerList)
    pxReadyTasksLists                        0x200007e0   Data        1120  tasks.o(.bss.pxReadyTasksLists)
    [Anonymous Symbol]                       0x200007e0   Section        0  tasks.o(.bss.pxReadyTasksLists)
    ucHeap                                   0x20000c40   Data        8192  heap_4.o(.bss.ucHeap)
    [Anonymous Symbol]                       0x20000c40   Section        0  heap_4.o(.bss.ucHeap)
    uxCurrentNumberOfTasks                   0x20002c40   Data           4  tasks.o(.bss.uxCurrentNumberOfTasks)
    [Anonymous Symbol]                       0x20002c40   Section        0  tasks.o(.bss.uxCurrentNumberOfTasks)
    uxDeletedTasksWaitingCleanUp             0x20002c44   Data           4  tasks.o(.bss.uxDeletedTasksWaitingCleanUp)
    [Anonymous Symbol]                       0x20002c44   Section        0  tasks.o(.bss.uxDeletedTasksWaitingCleanUp)
    uxSchedulerSuspended                     0x20002c48   Data           4  tasks.o(.bss.uxSchedulerSuspended)
    [Anonymous Symbol]                       0x20002c48   Section        0  tasks.o(.bss.uxSchedulerSuspended)
    uxTaskNumber                             0x20002c4c   Data           4  tasks.o(.bss.uxTaskNumber)
    [Anonymous Symbol]                       0x20002c4c   Section        0  tasks.o(.bss.uxTaskNumber)
    uxTopReadyPriority                       0x20002c50   Data           4  tasks.o(.bss.uxTopReadyPriority)
    [Anonymous Symbol]                       0x20002c50   Section        0  tasks.o(.bss.uxTopReadyPriority)
    vApplicationGetIdleTaskMemory.Idle_Stack 0x20002c54   Data         512  cmsis_os2.o(.bss.vApplicationGetIdleTaskMemory.Idle_Stack)
    [Anonymous Symbol]                       0x20002c54   Section        0  cmsis_os2.o(.bss.vApplicationGetIdleTaskMemory.Idle_Stack)
    vApplicationGetIdleTaskMemory.Idle_TCB   0x20002e54   Data          92  cmsis_os2.o(.bss.vApplicationGetIdleTaskMemory.Idle_TCB)
    [Anonymous Symbol]                       0x20002e54   Section        0  cmsis_os2.o(.bss.vApplicationGetIdleTaskMemory.Idle_TCB)
    vApplicationGetTimerTaskMemory.Timer_Stack 0x20002eb0   Data         320  cmsis_os2.o(.bss.vApplicationGetTimerTaskMemory.Timer_Stack)
    [Anonymous Symbol]                       0x20002eb0   Section        0  cmsis_os2.o(.bss.vApplicationGetTimerTaskMemory.Timer_Stack)
    vApplicationGetTimerTaskMemory.Timer_TCB 0x20002ff0   Data          92  cmsis_os2.o(.bss.vApplicationGetTimerTaskMemory.Timer_TCB)
    [Anonymous Symbol]                       0x20002ff0   Section        0  cmsis_os2.o(.bss.vApplicationGetTimerTaskMemory.Timer_TCB)
    xActiveTimerList1                        0x2000304c   Data          20  timers.o(.bss.xActiveTimerList1)
    [Anonymous Symbol]                       0x2000304c   Section        0  timers.o(.bss.xActiveTimerList1)
    xActiveTimerList2                        0x20003060   Data          20  timers.o(.bss.xActiveTimerList2)
    [Anonymous Symbol]                       0x20003060   Section        0  timers.o(.bss.xActiveTimerList2)
    xDelayedTaskList1                        0x20003074   Data          20  tasks.o(.bss.xDelayedTaskList1)
    [Anonymous Symbol]                       0x20003074   Section        0  tasks.o(.bss.xDelayedTaskList1)
    xDelayedTaskList2                        0x20003088   Data          20  tasks.o(.bss.xDelayedTaskList2)
    [Anonymous Symbol]                       0x20003088   Section        0  tasks.o(.bss.xDelayedTaskList2)
    xFreeBytesRemaining                      0x2000309c   Data           4  heap_4.o(.bss.xFreeBytesRemaining)
    [Anonymous Symbol]                       0x2000309c   Section        0  heap_4.o(.bss.xFreeBytesRemaining)
    xIdleTaskHandle                          0x200030a0   Data           4  tasks.o(.bss.xIdleTaskHandle)
    [Anonymous Symbol]                       0x200030a0   Section        0  tasks.o(.bss.xIdleTaskHandle)
    xMinimumEverFreeBytesRemaining           0x200030a4   Data           4  heap_4.o(.bss.xMinimumEverFreeBytesRemaining)
    [Anonymous Symbol]                       0x200030a4   Section        0  heap_4.o(.bss.xMinimumEverFreeBytesRemaining)
    xNextTaskUnblockTime                     0x200030a8   Data           4  tasks.o(.bss.xNextTaskUnblockTime)
    [Anonymous Symbol]                       0x200030a8   Section        0  tasks.o(.bss.xNextTaskUnblockTime)
    xNumOfOverflows                          0x200030ac   Data           4  tasks.o(.bss.xNumOfOverflows)
    [Anonymous Symbol]                       0x200030ac   Section        0  tasks.o(.bss.xNumOfOverflows)
    xNumberOfSuccessfulAllocations           0x200030b0   Data           4  heap_4.o(.bss.xNumberOfSuccessfulAllocations)
    [Anonymous Symbol]                       0x200030b0   Section        0  heap_4.o(.bss.xNumberOfSuccessfulAllocations)
    xNumberOfSuccessfulFrees                 0x200030b4   Data           4  heap_4.o(.bss.xNumberOfSuccessfulFrees)
    [Anonymous Symbol]                       0x200030b4   Section        0  heap_4.o(.bss.xNumberOfSuccessfulFrees)
    xPendedTicks                             0x200030b8   Data           4  tasks.o(.bss.xPendedTicks)
    [Anonymous Symbol]                       0x200030b8   Section        0  tasks.o(.bss.xPendedTicks)
    xPendingReadyList                        0x200030bc   Data          20  tasks.o(.bss.xPendingReadyList)
    [Anonymous Symbol]                       0x200030bc   Section        0  tasks.o(.bss.xPendingReadyList)
    xSchedulerRunning                        0x200030d4   Data           4  tasks.o(.bss.xSchedulerRunning)
    [Anonymous Symbol]                       0x200030d4   Section        0  tasks.o(.bss.xSchedulerRunning)
    xStart                                   0x200030d8   Data           8  heap_4.o(.bss.xStart)
    [Anonymous Symbol]                       0x200030d8   Section        0  heap_4.o(.bss.xStart)
    xSuspendedTaskList                       0x200030e0   Data          20  tasks.o(.bss.xSuspendedTaskList)
    [Anonymous Symbol]                       0x200030e0   Section        0  tasks.o(.bss.xSuspendedTaskList)
    xTasksWaitingTermination                 0x200030f4   Data          20  tasks.o(.bss.xTasksWaitingTermination)
    [Anonymous Symbol]                       0x200030f4   Section        0  tasks.o(.bss.xTasksWaitingTermination)
    xTickCount                               0x20003108   Data           4  tasks.o(.bss.xTickCount)
    [Anonymous Symbol]                       0x20003108   Section        0  tasks.o(.bss.xTickCount)
    xTimerQueue                              0x2000310c   Data           4  timers.o(.bss.xTimerQueue)
    [Anonymous Symbol]                       0x2000310c   Section        0  timers.o(.bss.xTimerQueue)
    xTimerTaskHandle                         0x20003110   Data           4  timers.o(.bss.xTimerTaskHandle)
    [Anonymous Symbol]                       0x20003110   Section        0  timers.o(.bss.xTimerTaskHandle)
    xYieldPending                            0x20003114   Data           4  tasks.o(.bss.xYieldPending)
    [Anonymous Symbol]                       0x20003114   Section        0  tasks.o(.bss.xYieldPending)
    Heap_Mem                                 0x20003118   Data         512  startup_stm32l476xx.o(HEAP)
    HEAP                                     0x20003118   Section      512  startup_stm32l476xx.o(HEAP)
    Stack_Mem                                0x20003318   Data        1024  startup_stm32l476xx.o(STACK)
    STACK                                    0x20003318   Section     1024  startup_stm32l476xx.o(STACK)
    __initial_sp                             0x20003718   Data           0  startup_stm32l476xx.o(STACK)

    Global Symbols

    Symbol Name                              Value     Ov Type        Size  Object(Section)

    BuildAttributes$$THM_ISAv4$E$P$D$K$B$S$7EM$VFPi3$EXTD16$VFPS$VFMA$PE$A:L22UL41UL21$X:L11$S22US41US21$IEEE1$IW$~IW$USESV6$~STKCKD$USESV7$~SHL$OTIME$ROPI$EBA8$UX$STANDARDLIB$REQ8$PRES8$EABIv2 0x00000000   Number         0  anon$$obj.o ABSOLUTE
    __ARM_exceptions_init                     - Undefined Weak Reference
    __alloca_initialize                       - Undefined Weak Reference
    __arm_preinit_                            - Undefined Weak Reference
    __arm_relocate_pie_                       - Undefined Weak Reference
    __cpp_initialize__aeabi_                  - Undefined Weak Reference
    __cxa_finalize                            - Undefined Weak Reference
    __rt_locale                               - Undefined Weak Reference
    __sigvec_lookup                           - Undefined Weak Reference
    _atexit_init                              - Undefined Weak Reference
    _call_atexit_fns                          - Undefined Weak Reference
    _clock_init                               - Undefined Weak Reference
    _fp_trap_init                             - Undefined Weak Reference
    _fp_trap_shutdown                         - Undefined Weak Reference
    _get_lc_collate                           - Undefined Weak Reference
    _get_lc_ctype                             - Undefined Weak Reference
    _get_lc_monetary                          - Undefined Weak Reference
    _get_lc_numeric                           - Undefined Weak Reference
    _get_lc_time                              - Undefined Weak Reference
    _getenv_init                              - Undefined Weak Reference
    _handle_redirection                       - Undefined Weak Reference
    _init_alloc                               - Undefined Weak Reference
    _init_user_alloc                          - Undefined Weak Reference
    _initio                                   - Undefined Weak Reference
    _rand_init                                - Undefined Weak Reference
    _signal_finish                            - Undefined Weak Reference
    _signal_init                              - Undefined Weak Reference
    _terminate_alloc                          - Undefined Weak Reference
    _terminate_user_alloc                     - Undefined Weak Reference
    _terminateio                              - Undefined Weak Reference
    __Vectors_Size                           0x00000188   Number         0  startup_stm32l476xx.o ABSOLUTE
    __Vectors                                0x08000000   Data           4  startup_stm32l476xx.o(RESET)
    __Vectors_End                            0x08000188   Data           0  startup_stm32l476xx.o(RESET)
    __main                                   0x08000189   Thumb Code     8  __main.o(!!!main)
    __scatterload                            0x08000191   Thumb Code     0  __scatter.o(!!!scatter)
    __scatterload_rt2                        0x08000191   Thumb Code    44  __scatter.o(!!!scatter)
    __scatterload_rt2_thumb_only             0x08000191   Thumb Code     0  __scatter.o(!!!scatter)
    __scatterload_null                       0x0800019f   Thumb Code     0  __scatter.o(!!!scatter)
    __scatterload_copy                       0x080001c5   Thumb Code    26  __scatter_copy.o(!!handler_copy)
    __scatterload_zeroinit                   0x080001e1   Thumb Code    28  __scatter_zi.o(!!handler_zi)
    __rt_lib_init                            0x080001fd   Thumb Code     0  libinit.o(.ARM.Collect$$libinit$$00000000)
    __rt_lib_init_fp_1                       0x080001ff   Thumb Code     0  libinit2.o(.ARM.Collect$$libinit$$00000001)
    __rt_lib_init_alloca_1                   0x08000203   Thumb Code     0  libinit2.o(.ARM.Collect$$libinit$$00000030)
    __rt_lib_init_argv_1                     0x08000203   Thumb Code     0  libinit2.o(.ARM.Collect$$libinit$$0000002E)
    __rt_lib_init_atexit_1                   0x08000203   Thumb Code     0  libinit2.o(.ARM.Collect$$libinit$$0000001D)
    __rt_lib_init_clock_1                    0x08000203   Thumb Code     0  libinit2.o(.ARM.Collect$$libinit$$00000023)
    __rt_lib_init_cpp_1                      0x08000203   Thumb Code     0  libinit2.o(.ARM.Collect$$libinit$$00000034)
    __rt_lib_init_exceptions_1               0x08000203   Thumb Code     0  libinit2.o(.ARM.Collect$$libinit$$00000032)
    __rt_lib_init_fp_trap_1                  0x08000203   Thumb Code     0  libinit2.o(.ARM.Collect$$libinit$$00000021)
    __rt_lib_init_getenv_1                   0x08000203   Thumb Code     0  libinit2.o(.ARM.Collect$$libinit$$00000025)
    __rt_lib_init_heap_1                     0x08000203   Thumb Code     0  libinit2.o(.ARM.Collect$$libinit$$0000000C)
    __rt_lib_init_lc_collate_1               0x08000203   Thumb Code     0  libinit2.o(.ARM.Collect$$libinit$$00000013)
    __rt_lib_init_lc_ctype_1                 0x08000203   Thumb Code     0  libinit2.o(.ARM.Collect$$libinit$$00000015)
    __rt_lib_init_lc_monetary_1              0x08000203   Thumb Code     0  libinit2.o(.ARM.Collect$$libinit$$00000017)
    __rt_lib_init_lc_numeric_1               0x08000203   Thumb Code     0  libinit2.o(.ARM.Collect$$libinit$$00000019)
    __rt_lib_init_lc_time_1                  0x08000203   Thumb Code     0  libinit2.o(.ARM.Collect$$libinit$$0000001B)
    __rt_lib_init_preinit_1                  0x08000203   Thumb Code     0  libinit2.o(.ARM.Collect$$libinit$$00000006)
    __rt_lib_init_rand_1                     0x08000203   Thumb Code     0  libinit2.o(.ARM.Collect$$libinit$$00000010)
    __rt_lib_init_relocate_pie_1             0x08000203   Thumb Code     0  libinit2.o(.ARM.Collect$$libinit$$00000004)
    __rt_lib_init_return                     0x08000203   Thumb Code     0  libinit2.o(.ARM.Collect$$libinit$$00000035)
    __rt_lib_init_signal_1                   0x08000203   Thumb Code     0  libinit2.o(.ARM.Collect$$libinit$$0000001F)
    __rt_lib_init_stdio_1                    0x08000203   Thumb Code     0  libinit2.o(.ARM.Collect$$libinit$$00000027)
    __rt_lib_init_user_alloc_1               0x08000203   Thumb Code     0  libinit2.o(.ARM.Collect$$libinit$$0000000E)
    __rt_lib_shutdown                        0x08000205   Thumb Code     0  libshutdown.o(.ARM.Collect$$libshutdown$$00000000)
    __rt_lib_shutdown_cpp_1                  0x08000207   Thumb Code     0  libshutdown2.o(.ARM.Collect$$libshutdown$$00000002)
    __rt_lib_shutdown_fp_trap_1              0x08000207   Thumb Code     0  libshutdown2.o(.ARM.Collect$$libshutdown$$00000007)
    __rt_lib_shutdown_heap_1                 0x08000207   Thumb Code     0  libshutdown2.o(.ARM.Collect$$libshutdown$$0000000F)
    __rt_lib_shutdown_return                 0x08000207   Thumb Code     0  libshutdown2.o(.ARM.Collect$$libshutdown$$00000010)
    __rt_lib_shutdown_signal_1               0x08000207   Thumb Code     0  libshutdown2.o(.ARM.Collect$$libshutdown$$0000000A)
    __rt_lib_shutdown_stdio_1                0x08000207   Thumb Code     0  libshutdown2.o(.ARM.Collect$$libshutdown$$00000004)
    __rt_lib_shutdown_user_alloc_1           0x08000207   Thumb Code     0  libshutdown2.o(.ARM.Collect$$libshutdown$$0000000C)
    __rt_entry                               0x08000209   Thumb Code     0  __rtentry.o(.ARM.Collect$$rtentry$$00000000)
    __rt_entry_presh_1                       0x08000209   Thumb Code     0  __rtentry2.o(.ARM.Collect$$rtentry$$00000002)
    __rt_entry_sh                            0x08000209   Thumb Code     0  __rtentry4.o(.ARM.Collect$$rtentry$$00000004)
    __rt_entry_postsh_1                      0x0800020f   Thumb Code     0  __rtentry2.o(.ARM.Collect$$rtentry$$00000008)
    __rt_entry_li                            0x08000217   Thumb Code     0  __rtentry2.o(.ARM.Collect$$rtentry$$0000000A)
    __rt_entry_main                          0x0800021b   Thumb Code     0  __rtentry2.o(.ARM.Collect$$rtentry$$0000000D)
    __rt_entry_postli_1                      0x0800021b   Thumb Code     0  __rtentry2.o(.ARM.Collect$$rtentry$$0000000C)
    __rt_exit                                0x08000223   Thumb Code     0  rtexit.o(.ARM.Collect$$rtexit$$00000000)
    __rt_exit_ls                             0x08000225   Thumb Code     0  rtexit2.o(.ARM.Collect$$rtexit$$00000003)
    __rt_exit_prels_1                        0x08000225   Thumb Code     0  rtexit2.o(.ARM.Collect$$rtexit$$00000002)
    __rt_exit_exit                           0x08000229   Thumb Code     0  rtexit2.o(.ARM.Collect$$rtexit$$00000004)
    Reset_Handler                            0x08000231   Thumb Code     8  startup_stm32l476xx.o(.text)
    NMI_Handler                              0x08000239   Thumb Code     2  startup_stm32l476xx.o(.text)
    HardFault_Handler                        0x0800023b   Thumb Code     2  startup_stm32l476xx.o(.text)
    MemManage_Handler                        0x0800023d   Thumb Code     2  startup_stm32l476xx.o(.text)
    BusFault_Handler                         0x0800023f   Thumb Code     2  startup_stm32l476xx.o(.text)
    UsageFault_Handler                       0x08000241   Thumb Code     2  startup_stm32l476xx.o(.text)
    DebugMon_Handler                         0x08000245   Thumb Code     2  startup_stm32l476xx.o(.text)
    ADC1_2_IRQHandler                        0x0800024b   Thumb Code     0  startup_stm32l476xx.o(.text)
    ADC3_IRQHandler                          0x0800024b   Thumb Code     0  startup_stm32l476xx.o(.text)
    CAN1_RX0_IRQHandler                      0x0800024b   Thumb Code     0  startup_stm32l476xx.o(.text)
    CAN1_RX1_IRQHandler                      0x0800024b   Thumb Code     0  startup_stm32l476xx.o(.text)
    CAN1_SCE_IRQHandler                      0x0800024b   Thumb Code     0  startup_stm32l476xx.o(.text)
    CAN1_TX_IRQHandler                       0x0800024b   Thumb Code     0  startup_stm32l476xx.o(.text)
    COMP_IRQHandler                          0x0800024b   Thumb Code     0  startup_stm32l476xx.o(.text)
    DFSDM1_FLT0_IRQHandler                   0x0800024b   Thumb Code     0  startup_stm32l476xx.o(.text)
    DFSDM1_FLT1_IRQHandler                   0x0800024b   Thumb Code     0  startup_stm32l476xx.o(.text)
    DFSDM1_FLT2_IRQHandler                   0x0800024b   Thumb Code     0  startup_stm32l476xx.o(.text)
    DFSDM1_FLT3_IRQHandler                   0x0800024b   Thumb Code     0  startup_stm32l476xx.o(.text)
    DMA1_Channel1_IRQHandler                 0x0800024b   Thumb Code     0  startup_stm32l476xx.o(.text)
    DMA1_Channel2_IRQHandler                 0x0800024b   Thumb Code     0  startup_stm32l476xx.o(.text)
    DMA1_Channel3_IRQHandler                 0x0800024b   Thumb Code     0  startup_stm32l476xx.o(.text)
    DMA1_Channel4_IRQHandler                 0x0800024b   Thumb Code     0  startup_stm32l476xx.o(.text)
    DMA1_Channel5_IRQHandler                 0x0800024b   Thumb Code     0  startup_stm32l476xx.o(.text)
    DMA1_Channel6_IRQHandler                 0x0800024b   Thumb Code     0  startup_stm32l476xx.o(.text)
    DMA1_Channel7_IRQHandler                 0x0800024b   Thumb Code     0  startup_stm32l476xx.o(.text)
    DMA2_Channel1_IRQHandler                 0x0800024b   Thumb Code     0  startup_stm32l476xx.o(.text)
    DMA2_Channel2_IRQHandler                 0x0800024b   Thumb Code     0  startup_stm32l476xx.o(.text)
    DMA2_Channel3_IRQHandler                 0x0800024b   Thumb Code     0  startup_stm32l476xx.o(.text)
    DMA2_Channel4_IRQHandler                 0x0800024b   Thumb Code     0  startup_stm32l476xx.o(.text)
    DMA2_Channel5_IRQHandler                 0x0800024b   Thumb Code     0  startup_stm32l476xx.o(.text)
    DMA2_Channel6_IRQHandler                 0x0800024b   Thumb Code     0  startup_stm32l476xx.o(.text)
    DMA2_Channel7_IRQHandler                 0x0800024b   Thumb Code     0  startup_stm32l476xx.o(.text)
    EXTI0_IRQHandler                         0x0800024b   Thumb Code     0  startup_stm32l476xx.o(.text)
    EXTI15_10_IRQHandler                     0x0800024b   Thumb Code     0  startup_stm32l476xx.o(.text)
    EXTI1_IRQHandler                         0x0800024b   Thumb Code     0  startup_stm32l476xx.o(.text)
    EXTI2_IRQHandler                         0x0800024b   Thumb Code     0  startup_stm32l476xx.o(.text)
    EXTI3_IRQHandler                         0x0800024b   Thumb Code     0  startup_stm32l476xx.o(.text)
    EXTI4_IRQHandler                         0x0800024b   Thumb Code     0  startup_stm32l476xx.o(.text)
    EXTI9_5_IRQHandler                       0x0800024b   Thumb Code     0  startup_stm32l476xx.o(.text)
    FLASH_IRQHandler                         0x0800024b   Thumb Code     0  startup_stm32l476xx.o(.text)
    FMC_IRQHandler                           0x0800024b   Thumb Code     0  startup_stm32l476xx.o(.text)
    FPU_IRQHandler                           0x0800024b   Thumb Code     0  startup_stm32l476xx.o(.text)
    I2C1_ER_IRQHandler                       0x0800024b   Thumb Code     0  startup_stm32l476xx.o(.text)
    I2C1_EV_IRQHandler                       0x0800024b   Thumb Code     0  startup_stm32l476xx.o(.text)
    I2C2_ER_IRQHandler                       0x0800024b   Thumb Code     0  startup_stm32l476xx.o(.text)
    I2C2_EV_IRQHandler                       0x0800024b   Thumb Code     0  startup_stm32l476xx.o(.text)
    I2C3_ER_IRQHandler                       0x0800024b   Thumb Code     0  startup_stm32l476xx.o(.text)
    I2C3_EV_IRQHandler                       0x0800024b   Thumb Code     0  startup_stm32l476xx.o(.text)
    LCD_IRQHandler                           0x0800024b   Thumb Code     0  startup_stm32l476xx.o(.text)
    LPTIM1_IRQHandler                        0x0800024b   Thumb Code     0  startup_stm32l476xx.o(.text)
    LPTIM2_IRQHandler                        0x0800024b   Thumb Code     0  startup_stm32l476xx.o(.text)
    LPUART1_IRQHandler                       0x0800024b   Thumb Code     0  startup_stm32l476xx.o(.text)
    OTG_FS_IRQHandler                        0x0800024b   Thumb Code     0  startup_stm32l476xx.o(.text)
    PVD_PVM_IRQHandler                       0x0800024b   Thumb Code     0  startup_stm32l476xx.o(.text)
    QUADSPI_IRQHandler                       0x0800024b   Thumb Code     0  startup_stm32l476xx.o(.text)
    RCC_IRQHandler                           0x0800024b   Thumb Code     0  startup_stm32l476xx.o(.text)
    RNG_IRQHandler                           0x0800024b   Thumb Code     0  startup_stm32l476xx.o(.text)
    RTC_Alarm_IRQHandler                     0x0800024b   Thumb Code     0  startup_stm32l476xx.o(.text)
    RTC_WKUP_IRQHandler                      0x0800024b   Thumb Code     0  startup_stm32l476xx.o(.text)
    SAI1_IRQHandler                          0x0800024b   Thumb Code     0  startup_stm32l476xx.o(.text)
    SAI2_IRQHandler                          0x0800024b   Thumb Code     0  startup_stm32l476xx.o(.text)
    SDMMC1_IRQHandler                        0x0800024b   Thumb Code     0  startup_stm32l476xx.o(.text)
    SPI1_IRQHandler                          0x0800024b   Thumb Code     0  startup_stm32l476xx.o(.text)
    SPI2_IRQHandler                          0x0800024b   Thumb Code     0  startup_stm32l476xx.o(.text)
    SPI3_IRQHandler                          0x0800024b   Thumb Code     0  startup_stm32l476xx.o(.text)
    SWPMI1_IRQHandler                        0x0800024b   Thumb Code     0  startup_stm32l476xx.o(.text)
    TAMP_STAMP_IRQHandler                    0x0800024b   Thumb Code     0  startup_stm32l476xx.o(.text)
    TIM1_BRK_TIM15_IRQHandler                0x0800024b   Thumb Code     0  startup_stm32l476xx.o(.text)
    TIM1_CC_IRQHandler                       0x0800024b   Thumb Code     0  startup_stm32l476xx.o(.text)
    TIM1_TRG_COM_TIM17_IRQHandler            0x0800024b   Thumb Code     0  startup_stm32l476xx.o(.text)
    TIM1_UP_TIM16_IRQHandler                 0x0800024b   Thumb Code     0  startup_stm32l476xx.o(.text)
    TIM2_IRQHandler                          0x0800024b   Thumb Code     0  startup_stm32l476xx.o(.text)
    TIM3_IRQHandler                          0x0800024b   Thumb Code     0  startup_stm32l476xx.o(.text)
    TIM4_IRQHandler                          0x0800024b   Thumb Code     0  startup_stm32l476xx.o(.text)
    TIM5_IRQHandler                          0x0800024b   Thumb Code     0  startup_stm32l476xx.o(.text)
    TIM6_DAC_IRQHandler                      0x0800024b   Thumb Code     0  startup_stm32l476xx.o(.text)
    TIM7_IRQHandler                          0x0800024b   Thumb Code     0  startup_stm32l476xx.o(.text)
    TIM8_BRK_IRQHandler                      0x0800024b   Thumb Code     0  startup_stm32l476xx.o(.text)
    TIM8_CC_IRQHandler                       0x0800024b   Thumb Code     0  startup_stm32l476xx.o(.text)
    TIM8_TRG_COM_IRQHandler                  0x0800024b   Thumb Code     0  startup_stm32l476xx.o(.text)
    TIM8_UP_IRQHandler                       0x0800024b   Thumb Code     0  startup_stm32l476xx.o(.text)
    TSC_IRQHandler                           0x0800024b   Thumb Code     0  startup_stm32l476xx.o(.text)
    UART4_IRQHandler                         0x0800024b   Thumb Code     0  startup_stm32l476xx.o(.text)
    UART5_IRQHandler                         0x0800024b   Thumb Code     0  startup_stm32l476xx.o(.text)
    USART1_IRQHandler                        0x0800024b   Thumb Code     0  startup_stm32l476xx.o(.text)
    USART2_IRQHandler                        0x0800024b   Thumb Code     0  startup_stm32l476xx.o(.text)
    USART3_IRQHandler                        0x0800024b   Thumb Code     0  startup_stm32l476xx.o(.text)
    WWDG_IRQHandler                          0x0800024b   Thumb Code     0  startup_stm32l476xx.o(.text)
    __user_initial_stackheap                 0x0800024d   Thumb Code     0  startup_stm32l476xx.o(.text)
    __aeabi_memcpy                           0x08000271   Thumb Code     0  rt_memcpy_v6.o(.text)
    __rt_memcpy                              0x08000271   Thumb Code   138  rt_memcpy_v6.o(.text)
    _memcpy_lastbytes                        0x080002d7   Thumb Code     0  rt_memcpy_v6.o(.text)
    __aeabi_memset4                          0x080002fb   Thumb Code    16  aeabi_memset4.o(.text)
    __aeabi_memset8                          0x080002fb   Thumb Code     0  aeabi_memset4.o(.text)
    __aeabi_memclr                           0x0800030b   Thumb Code     0  rt_memclr.o(.text)
    __rt_memclr                              0x0800030b   Thumb Code     0  rt_memclr.o(.text)
    _memset                                  0x0800030f   Thumb Code    64  rt_memclr.o(.text)
    __aeabi_memclr4                          0x0800034f   Thumb Code     0  rt_memclr_w.o(.text)
    __aeabi_memclr8                          0x0800034f   Thumb Code     0  rt_memclr_w.o(.text)
    __rt_memclr_w                            0x0800034f   Thumb Code     0  rt_memclr_w.o(.text)
    _memset_w                                0x08000353   Thumb Code    74  rt_memclr_w.o(.text)
    __use_two_region_memory                  0x0800039d   Thumb Code     2  heapauxi.o(.text)
    __rt_heap_escrow$2region                 0x0800039f   Thumb Code     2  heapauxi.o(.text)
    __rt_heap_expand$2region                 0x080003a1   Thumb Code     2  heapauxi.o(.text)
    __aeabi_memcpy4                          0x080003a3   Thumb Code     0  rt_memcpy_w.o(.text)
    __aeabi_memcpy8                          0x080003a3   Thumb Code     0  rt_memcpy_w.o(.text)
    __rt_memcpy_w                            0x080003a3   Thumb Code   100  rt_memcpy_w.o(.text)
    _memcpy_lastbytes_aligned                0x080003eb   Thumb Code     0  rt_memcpy_w.o(.text)
    __user_setup_stackheap                   0x08000407   Thumb Code    74  sys_stackheap_outer.o(.text)
    exit                                     0x08000451   Thumb Code    18  exit.o(.text)
    __user_libspace                          0x08000465   Thumb Code     8  libspace.o(.text)
    __user_perproc_libspace                  0x08000465   Thumb Code     0  libspace.o(.text)
    _sys_exit                                0x0800046d   Thumb Code     8  sys_exit.o(.text)
    __I$use$semihosting                      0x08000479   Thumb Code     0  use_no_semi.o(.text)
    __use_no_semihosting_swi                 0x08000479   Thumb Code     2  use_no_semi.o(.text)
    __semihosting_library_function           0x0800047b   Thumb Code     0  indicate_semi.o(.text)
    EventRecord2                             0x0800047d   Thumb Code   406  eventrecorder.o(.text.EventRecord2)
    EventRecord4                             0x08000619   Thumb Code   682  eventrecorder.o(.text.EventRecord4)
    EventRecorderEnable                      0x080008c9   Thumb Code   108  eventrecorder.o(.text.EventRecorderEnable)
    EventRecorderInitialize                  0x08000935   Thumb Code   730  eventrecorder.o(.text.EventRecorderInitialize)
    EventRecorderStart                       0x08000c15   Thumb Code   328  eventrecorder.o(.text.EventRecorderStart)
    EventRecorderTimerGetCount               0x08000d65   Thumb Code    12  eventrecorder.o(.text.EventRecorderTimerGetCount)
    EventRecorderTimerGetFreq                0x08000d71   Thumb Code    12  eventrecorder.o(.text.EventRecorderTimerGetFreq)
    EventRecorderTimerSetup                  0x08000d7d   Thumb Code    36  eventrecorder.o(.text.EventRecorderTimerSetup)
    EvrFreeRTOSHeap_Free                     0x08000da1   Thumb Code    16  freertos_evr.o(.text.EvrFreeRTOSHeap_Free)
    EvrFreeRTOSHeap_Malloc                   0x08000db1   Thumb Code    12  freertos_evr.o(.text.EvrFreeRTOSHeap_Malloc)
    EvrFreeRTOSQueue_BlockingOnQueueReceive  0x08000dbd   Thumb Code    16  freertos_evr.o(.text.EvrFreeRTOSQueue_BlockingOnQueueReceive)
    EvrFreeRTOSQueue_BlockingOnQueueSend     0x08000dcd   Thumb Code    16  freertos_evr.o(.text.EvrFreeRTOSQueue_BlockingOnQueueSend)
    EvrFreeRTOSQueue_CreateMutex             0x08000ddd   Thumb Code    16  freertos_evr.o(.text.EvrFreeRTOSQueue_CreateMutex)
    EvrFreeRTOSQueue_CreateMutexFailed       0x08000ded   Thumb Code    12  freertos_evr.o(.text.EvrFreeRTOSQueue_CreateMutexFailed)
    EvrFreeRTOSQueue_QueueCreate             0x08000df9   Thumb Code    16  freertos_evr.o(.text.EvrFreeRTOSQueue_QueueCreate)
    EvrFreeRTOSQueue_QueueCreateFailed       0x08000e09   Thumb Code    12  freertos_evr.o(.text.EvrFreeRTOSQueue_QueueCreateFailed)
    EvrFreeRTOSQueue_QueueDelete             0x08000e15   Thumb Code    16  freertos_evr.o(.text.EvrFreeRTOSQueue_QueueDelete)
    EvrFreeRTOSQueue_QueueReceive            0x08000e25   Thumb Code    16  freertos_evr.o(.text.EvrFreeRTOSQueue_QueueReceive)
    EvrFreeRTOSQueue_QueueReceiveFailed      0x08000e35   Thumb Code    12  freertos_evr.o(.text.EvrFreeRTOSQueue_QueueReceiveFailed)
    EvrFreeRTOSQueue_QueueSend               0x08000e41   Thumb Code    16  freertos_evr.o(.text.EvrFreeRTOSQueue_QueueSend)
    EvrFreeRTOSQueue_QueueSendFailed         0x08000e51   Thumb Code    12  freertos_evr.o(.text.EvrFreeRTOSQueue_QueueSendFailed)
    EvrFreeRTOSSetup                         0x08000e5d   Thumb Code   118  freertos_evr.o(.text.EvrFreeRTOSSetup)
    EvrFreeRTOSTasks_MovedTaskToReadyState   0x08000ed5   Thumb Code    16  freertos_evr.o(.text.EvrFreeRTOSTasks_MovedTaskToReadyState)
    EvrFreeRTOSTasks_PostMovedTaskToReadyState 0x08000ee5   Thumb Code    16  freertos_evr.o(.text.EvrFreeRTOSTasks_PostMovedTaskToReadyState)
    EvrFreeRTOSTasks_TaskCreate              0x08000ef5   Thumb Code    12  freertos_evr.o(.text.EvrFreeRTOSTasks_TaskCreate)
    EvrFreeRTOSTasks_TaskDelay               0x08000f01   Thumb Code    16  freertos_evr.o(.text.EvrFreeRTOSTasks_TaskDelay)
    EvrFreeRTOSTasks_TaskDelayUntil          0x08000f11   Thumb Code    16  freertos_evr.o(.text.EvrFreeRTOSTasks_TaskDelayUntil)
    EvrFreeRTOSTasks_TaskIncrementTick       0x08000f21   Thumb Code    16  freertos_evr.o(.text.EvrFreeRTOSTasks_TaskIncrementTick)
    EvrFreeRTOSTasks_TaskPriorityDisinherit  0x08000f31   Thumb Code    16  freertos_evr.o(.text.EvrFreeRTOSTasks_TaskPriorityDisinherit)
    EvrFreeRTOSTasks_TaskPriorityInherit     0x08000f41   Thumb Code    16  freertos_evr.o(.text.EvrFreeRTOSTasks_TaskPriorityInherit)
    EvrFreeRTOSTasks_TaskSwitchedIn          0x08000f51   Thumb Code    16  freertos_evr.o(.text.EvrFreeRTOSTasks_TaskSwitchedIn)
    EvrFreeRTOSTasks_TaskSwitchedOut         0x08000f61   Thumb Code    16  freertos_evr.o(.text.EvrFreeRTOSTasks_TaskSwitchedOut)
    EvrFreeRTOSTimers_TimerCommandReceived   0x08000f71   Thumb Code    34  freertos_evr.o(.text.EvrFreeRTOSTimers_TimerCommandReceived)
    EvrFreeRTOSTimers_TimerExpired           0x08000f95   Thumb Code    16  freertos_evr.o(.text.EvrFreeRTOSTimers_TimerExpired)
    PendSV_Handler                           0x08000fb1   Thumb Code   100  port.o(.text.PendSV_Handler)
    SVC_Handler                              0x08001031   Thumb Code    36  port.o(.text.SVC_Handler)
    SysTick_Handler                          0x08001061   Thumb Code    30  cmsis_os2.o(.text.SysTick_Handler)
    SystemCoreClockUpdate                    0x08001081   Thumb Code   190  system_stm32l4xx.o(.text.SystemCoreClockUpdate)
    SystemInit                               0x08001141   Thumb Code    18  system_stm32l4xx.o(.text.SystemInit)
    _mutex_acquire                           0x08001155   Thumb Code    36  clib_arm.o(.text._mutex_acquire)
    _mutex_free                              0x08001179   Thumb Code    48  clib_arm.o(.text._mutex_free)
    _mutex_initialize                        0x080011a9   Thumb Code    90  clib_arm.o(.text._mutex_initialize)
    _mutex_release                           0x08001205   Thumb Code    38  clib_arm.o(.text._mutex_release)
    _platform_post_stackheap_init            0x0800122d   Thumb Code     6  clib_arm.o(.text._platform_post_stackheap_init)
    led_gpio_config                          0x08001235   Thumb Code   228  led.o(.text.led_gpio_config)
    led_off                                  0x08001319   Thumb Code    40  led.o(.text.led_off)
    led_on                                   0x08001341   Thumb Code    42  led.o(.text.led_on)
    led_toggle                               0x0800136d   Thumb Code    42  led.o(.text.led_toggle)
    main                                     0x08001399   Thumb Code   100  main.o(.text.main)
    pvPortMalloc                             0x08001a0d   Thumb Code   380  heap_4.o(.text.pvPortMalloc)
    pvTaskIncrementMutexHeldCount            0x08001b89   Thumb Code    24  tasks.o(.text.pvTaskIncrementMutexHeldCount)
    pxPortInitialiseStack                    0x08001ba1   Thumb Code    40  port.o(.text.pxPortInitialiseStack)
    senderTask                               0x08001bc9   Thumb Code    54  main.o(.text.senderTask)
    system_clock_80MHz                       0x08001c01   Thumb Code   284  system_clock_80mhz.o(.text.system_clock_80MHz)
    uxListRemove                             0x08001d1d   Thumb Code    36  list.o(.text.uxListRemove)
    vApplicationGetIdleTaskMemory            0x08001d41   Thumb Code    26  cmsis_os2.o(.text.vApplicationGetIdleTaskMemory)
    vApplicationGetTimerTaskMemory           0x08001d5d   Thumb Code    26  cmsis_os2.o(.text.vApplicationGetTimerTaskMemory)
    vApplicationStackOverflowHook            0x08001d79   Thumb Code     2  cmsis_os2.o(.text.vApplicationStackOverflowHook)
    vListInitialise                          0x08001d7d   Thumb Code    22  list.o(.text.vListInitialise)
    vListInitialiseItem                      0x08001d95   Thumb Code     6  list.o(.text.vListInitialiseItem)
    vListInsert                              0x08001d9d   Thumb Code    58  list.o(.text.vListInsert)
    vPortEnterCritical                       0x08001ded   Thumb Code    32  port.o(.text.vPortEnterCritical)
    vPortExitCritical                        0x08001e0d   Thumb Code    26  port.o(.text.vPortExitCritical)
    vPortFree                                0x08001e29   Thumb Code   166  heap_4.o(.text.vPortFree)
    vPortSetupTimerInterrupt                 0x08001ed1   Thumb Code    52  port.o(.text.vPortSetupTimerInterrupt)
    vQueueDelete                             0x08001f05   Thumb Code    28  queue.o(.text.vQueueDelete)
    vQueueWaitForMessageRestricted           0x08001f21   Thumb Code    70  queue.o(.text.vQueueWaitForMessageRestricted)
    vTaskDelay                               0x08001f69   Thumb Code   148  tasks.o(.text.vTaskDelay)
    vTaskInternalSetTimeOutState             0x08001ffd   Thumb Code    26  tasks.o(.text.vTaskInternalSetTimeOutState)
    vTaskMissedYield                         0x08002019   Thumb Code    14  tasks.o(.text.vTaskMissedYield)
    vTaskPlaceOnEventList                    0x08002029   Thumb Code    32  tasks.o(.text.vTaskPlaceOnEventList)
    vTaskPlaceOnEventListRestricted          0x08002049   Thumb Code    98  tasks.o(.text.vTaskPlaceOnEventListRestricted)
    vTaskPriorityDisinheritAfterTimeout      0x080020ad   Thumb Code   154  tasks.o(.text.vTaskPriorityDisinheritAfterTimeout)
    vTaskStartScheduler                      0x08002149   Thumb Code   164  tasks.o(.text.vTaskStartScheduler)
    vTaskSuspendAll                          0x080021f5   Thumb Code    16  tasks.o(.text.vTaskSuspendAll)
    vTaskSwitchContext                       0x08002205   Thumb Code   192  tasks.o(.text.vTaskSwitchContext)
    xPortStartScheduler                      0x080022c5   Thumb Code   100  port.o(.text.xPortStartScheduler)
    xPortSysTickHandler                      0x08002329   Thumb Code    46  port.o(.text.xPortSysTickHandler)
    xQueueCreateMutex                        0x08002359   Thumb Code    54  queue.o(.text.xQueueCreateMutex)
    xQueueCreateMutexStatic                  0x08002391   Thumb Code   138  queue.o(.text.xQueueCreateMutexStatic)
    xQueueGenericCreate                      0x0800241d   Thumb Code   148  queue.o(.text.xQueueGenericCreate)
    xQueueGenericCreateStatic                0x080024b1   Thumb Code   134  queue.o(.text.xQueueGenericCreateStatic)
    xQueueGenericSend                        0x08002539   Thumb Code   436  queue.o(.text.xQueueGenericSend)
    xQueueReceive                            0x080026f5   Thumb Code   354  queue.o(.text.xQueueReceive)
    xQueueSemaphoreTake                      0x0800285d   Thumb Code   390  queue.o(.text.xQueueSemaphoreTake)
    xTaskCheckForTimeOut                     0x080029e9   Thumb Code   104  tasks.o(.text.xTaskCheckForTimeOut)
    xTaskCreate                              0x08002a51   Thumb Code   210  tasks.o(.text.xTaskCreate)
    xTaskCreateStatic                        0x08002b29   Thumb Code   168  tasks.o(.text.xTaskCreateStatic)
    xTaskGetSchedulerState                   0x08002bd1   Thumb Code    38  tasks.o(.text.xTaskGetSchedulerState)
    xTaskGetTickCount                        0x08002bf9   Thumb Code    12  tasks.o(.text.xTaskGetTickCount)
    xTaskIncrementTick                       0x08002c05   Thumb Code   428  tasks.o(.text.xTaskIncrementTick)
    xTaskPriorityDisinherit                  0x08002db9   Thumb Code   136  tasks.o(.text.xTaskPriorityDisinherit)
    xTaskPriorityInherit                     0x08002e41   Thumb Code   190  tasks.o(.text.xTaskPriorityInherit)
    xTaskRemoveFromEventList                 0x08002f01   Thumb Code   224  tasks.o(.text.xTaskRemoveFromEventList)
    xTaskResumeAll                           0x08002fe1   Thumb Code   392  tasks.o(.text.xTaskResumeAll)
    xTimerCreateTimerTask                    0x08003171   Thumb Code   176  timers.o(.text.xTimerCreateTimerTask)
    _fp_init                                 0x08003229   Thumb Code    26  fpinit.o(x$fpl$fpinit)
    __fplib_config_fpu_vfp                   0x08003241   Thumb Code     0  fpinit.o(x$fpl$fpinit)
    __fplib_config_pureend_doubles           0x08003241   Thumb Code     0  fpinit.o(x$fpl$fpinit)
    AHBPrescTable                            0x08003242   Data          16  system_stm32l4xx.o(.rodata.AHBPrescTable)
    EventRecorderInfo                        0x08003254   Data          24  eventrecorder.o(.rodata.EventRecorderInfo)
    MSIRangeTable                            0x0800326c   Data          48  system_stm32l4xx.o(.rodata.MSIRangeTable)
    uxTopUsedPriority                        0x0800329c   Data           4  tasks.o(.rodata.uxTopUsedPriority)
    Region$$Table$$Base                      0x080032a0   Number         0  anon$$obj.o(Region$$Table)
    Region$$Table$$Limit                     0x080032c0   Number         0  anon$$obj.o(Region$$Table)
    SystemCoreClock                          0x20000000   Data           4  system_stm32l4xx.o(.data.SystemCoreClock)
    __libspace_start                         0x20000040   Data          96  libspace.o(.bss)
    __temporary_stack_top$libspace           0x200000a0   Data           0  libspace.o(.bss)
    pxCurrentTCB                             0x200007c8   Data           4  tasks.o(.bss.pxCurrentTCB)
    xQueue                                   0x200030d0   Data           4  main.o(.bss.xQueue)



==============================================================================

Memory Map of the image

  Image Entry point : 0x08000189

  Load Region LR_IROM1 (Base: 0x08000000, Size: 0x00003300, Max: 0x00100000, ABSOLUTE)

    Execution Region ER_IROM1 (Exec base: 0x08000000, Load base: 0x08000000, Size: 0x000032c0, Max: 0x00100000, ABSOLUTE)

    Exec Addr    Load Addr    Size         Type   Attr      Idx    E Section Name        Object

    0x08000000   0x08000000   0x00000188   Data   RO          293    RESET               startup_stm32l476xx.o
    0x08000188   0x08000188   0x00000008   Code   RO          890  * !!!main             c_w.l(__main.o)
    0x08000190   0x08000190   0x00000034   Code   RO         1055    !!!scatter          c_w.l(__scatter.o)
    0x080001c4   0x080001c4   0x0000001a   Code   RO         1057    !!handler_copy      c_w.l(__scatter_copy.o)
    0x080001de   0x080001de   0x00000002   PAD
    0x080001e0   0x080001e0   0x0000001c   Code   RO         1059    !!handler_zi        c_w.l(__scatter_zi.o)
    0x080001fc   0x080001fc   0x00000002   Code   RO          917    .ARM.Collect$$libinit$$00000000  c_w.l(libinit.o)
    0x080001fe   0x080001fe   0x00000004   Code   RO          923    .ARM.Collect$$libinit$$00000001  c_w.l(libinit2.o)
    0x08000202   0x08000202   0x00000000   Code   RO          926    .ARM.Collect$$libinit$$00000004  c_w.l(libinit2.o)
    0x08000202   0x08000202   0x00000000   Code   RO          928    .ARM.Collect$$libinit$$00000006  c_w.l(libinit2.o)
    0x08000202   0x08000202   0x00000000   Code   RO          931    .ARM.Collect$$libinit$$0000000C  c_w.l(libinit2.o)
    0x08000202   0x08000202   0x00000000   Code   RO          933    .ARM.Collect$$libinit$$0000000E  c_w.l(libinit2.o)
    0x08000202   0x08000202   0x00000000   Code   RO          935    .ARM.Collect$$libinit$$00000010  c_w.l(libinit2.o)
    0x08000202   0x08000202   0x00000000   Code   RO          938    .ARM.Collect$$libinit$$00000013  c_w.l(libinit2.o)
    0x08000202   0x08000202   0x00000000   Code   RO          940    .ARM.Collect$$libinit$$00000015  c_w.l(libinit2.o)
    0x08000202   0x08000202   0x00000000   Code   RO          942    .ARM.Collect$$libinit$$00000017  c_w.l(libinit2.o)
    0x08000202   0x08000202   0x00000000   Code   RO          944    .ARM.Collect$$libinit$$00000019  c_w.l(libinit2.o)
    0x08000202   0x08000202   0x00000000   Code   RO          946    .ARM.Collect$$libinit$$0000001B  c_w.l(libinit2.o)
    0x08000202   0x08000202   0x00000000   Code   RO          948    .ARM.Collect$$libinit$$0000001D  c_w.l(libinit2.o)
    0x08000202   0x08000202   0x00000000   Code   RO          950    .ARM.Collect$$libinit$$0000001F  c_w.l(libinit2.o)
    0x08000202   0x08000202   0x00000000   Code   RO          952    .ARM.Collect$$libinit$$00000021  c_w.l(libinit2.o)
    0x08000202   0x08000202   0x00000000   Code   RO          954    .ARM.Collect$$libinit$$00000023  c_w.l(libinit2.o)
    0x08000202   0x08000202   0x00000000   Code   RO          956    .ARM.Collect$$libinit$$00000025  c_w.l(libinit2.o)
    0x08000202   0x08000202   0x00000000   Code   RO          958    .ARM.Collect$$libinit$$00000027  c_w.l(libinit2.o)
    0x08000202   0x08000202   0x00000000   Code   RO          962    .ARM.Collect$$libinit$$0000002E  c_w.l(libinit2.o)
    0x08000202   0x08000202   0x00000000   Code   RO          964    .ARM.Collect$$libinit$$00000030  c_w.l(libinit2.o)
    0x08000202   0x08000202   0x00000000   Code   RO          966    .ARM.Collect$$libinit$$00000032  c_w.l(libinit2.o)
    0x08000202   0x08000202   0x00000000   Code   RO          968    .ARM.Collect$$libinit$$00000034  c_w.l(libinit2.o)
    0x08000202   0x08000202   0x00000002   Code   RO          969    .ARM.Collect$$libinit$$00000035  c_w.l(libinit2.o)
    0x08000204   0x08000204   0x00000002   Code   RO          991    .ARM.Collect$$libshutdown$$00000000  c_w.l(libshutdown.o)
    0x08000206   0x08000206   0x00000000   Code   RO         1006    .ARM.Collect$$libshutdown$$00000002  c_w.l(libshutdown2.o)
    0x08000206   0x08000206   0x00000000   Code   RO         1008    .ARM.Collect$$libshutdown$$00000004  c_w.l(libshutdown2.o)
    0x08000206   0x08000206   0x00000000   Code   RO         1011    .ARM.Collect$$libshutdown$$00000007  c_w.l(libshutdown2.o)
    0x08000206   0x08000206   0x00000000   Code   RO         1014    .ARM.Collect$$libshutdown$$0000000A  c_w.l(libshutdown2.o)
    0x08000206   0x08000206   0x00000000   Code   RO         1016    .ARM.Collect$$libshutdown$$0000000C  c_w.l(libshutdown2.o)
    0x08000206   0x08000206   0x00000000   Code   RO         1019    .ARM.Collect$$libshutdown$$0000000F  c_w.l(libshutdown2.o)
    0x08000206   0x08000206   0x00000002   Code   RO         1020    .ARM.Collect$$libshutdown$$00000010  c_w.l(libshutdown2.o)
    0x08000208   0x08000208   0x00000000   Code   RO          892    .ARM.Collect$$rtentry$$00000000  c_w.l(__rtentry.o)
    0x08000208   0x08000208   0x00000000   Code   RO          896    .ARM.Collect$$rtentry$$00000002  c_w.l(__rtentry2.o)
    0x08000208   0x08000208   0x00000006   Code   RO          908    .ARM.Collect$$rtentry$$00000004  c_w.l(__rtentry4.o)
    0x0800020e   0x0800020e   0x00000008   Code   RO          897    .ARM.Collect$$rtentry$$00000008  c_w.l(__rtentry2.o)
    0x08000216   0x08000216   0x00000004   Code   RO          899    .ARM.Collect$$rtentry$$0000000A  c_w.l(__rtentry2.o)
    0x0800021a   0x0800021a   0x00000000   Code   RO          901    .ARM.Collect$$rtentry$$0000000C  c_w.l(__rtentry2.o)
    0x0800021a   0x0800021a   0x00000008   Code   RO          902    .ARM.Collect$$rtentry$$0000000D  c_w.l(__rtentry2.o)
    0x08000222   0x08000222   0x00000002   Code   RO          921    .ARM.Collect$$rtexit$$00000000  c_w.l(rtexit.o)
    0x08000224   0x08000224   0x00000000   Code   RO          971    .ARM.Collect$$rtexit$$00000002  c_w.l(rtexit2.o)
    0x08000224   0x08000224   0x00000004   Code   RO          972    .ARM.Collect$$rtexit$$00000003  c_w.l(rtexit2.o)
    0x08000228   0x08000228   0x00000006   Code   RO          973    .ARM.Collect$$rtexit$$00000004  c_w.l(rtexit2.o)
    0x0800022e   0x0800022e   0x00000002   PAD
    0x08000230   0x08000230   0x00000040   Code   RO          294    .text               startup_stm32l476xx.o
    0x08000270   0x08000270   0x0000008a   Code   RO          880    .text               c_w.l(rt_memcpy_v6.o)
    0x080002fa   0x080002fa   0x00000010   Code   RO          882    .text               c_w.l(aeabi_memset4.o)
    0x0800030a   0x0800030a   0x00000044   Code   RO          884    .text               c_w.l(rt_memclr.o)
    0x0800034e   0x0800034e   0x0000004e   Code   RO          886    .text               c_w.l(rt_memclr_w.o)
    0x0800039c   0x0800039c   0x00000006   Code   RO          888    .text               c_w.l(heapauxi.o)
    0x080003a2   0x080003a2   0x00000064   Code   RO          893    .text               c_w.l(rt_memcpy_w.o)
    0x08000406   0x08000406   0x0000004a   Code   RO          910    .text               c_w.l(sys_stackheap_outer.o)
    0x08000450   0x08000450   0x00000012   Code   RO          912    .text               c_w.l(exit.o)
    0x08000462   0x08000462   0x00000002   PAD
    0x08000464   0x08000464   0x00000008   Code   RO          918    .text               c_w.l(libspace.o)
    0x0800046c   0x0800046c   0x0000000c   Code   RO          981    .text               c_w.l(sys_exit.o)
    0x08000478   0x08000478   0x00000002   Code   RO          996    .text               c_w.l(use_no_semi.o)
    0x0800047a   0x0800047a   0x00000000   Code   RO          998    .text               c_w.l(indicate_semi.o)
    0x0800047a   0x0800047a   0x00000002   PAD
    0x0800047c   0x0800047c   0x0000019c   Code   RO          277    .text.EventRecord2  eventrecorder.o
    0x08000618   0x08000618   0x000002b0   Code   RO          279    .text.EventRecord4  eventrecorder.o
    0x080008c8   0x080008c8   0x0000006c   Code   RO          265    .text.EventRecorderEnable  eventrecorder.o
    0x08000934   0x08000934   0x000002e0   Code   RO          263    .text.EventRecorderInitialize  eventrecorder.o
    0x08000c14   0x08000c14   0x0000014e   Code   RO          267    .text.EventRecorderStart  eventrecorder.o
    0x08000d62   0x08000d62   0x00000002   PAD
    0x08000d64   0x08000d64   0x0000000c   Code   RO          261    .text.EventRecorderTimerGetCount  eventrecorder.o
    0x08000d70   0x08000d70   0x0000000c   Code   RO          259    .text.EventRecorderTimerGetFreq  eventrecorder.o
    0x08000d7c   0x08000d7c   0x00000024   Code   RO          257    .text.EventRecorderTimerSetup  eventrecorder.o
    0x08000da0   0x08000da0   0x00000010   Code   RO          487    .text.EvrFreeRTOSHeap_Free  freertos_evr.o
    0x08000db0   0x08000db0   0x0000000c   Code   RO          485    .text.EvrFreeRTOSHeap_Malloc  freertos_evr.o
    0x08000dbc   0x08000dbc   0x00000010   Code   RO          419    .text.EvrFreeRTOSQueue_BlockingOnQueueReceive  freertos_evr.o
    0x08000dcc   0x08000dcc   0x00000010   Code   RO          421    .text.EvrFreeRTOSQueue_BlockingOnQueueSend  freertos_evr.o
    0x08000ddc   0x08000ddc   0x00000010   Code   RO          375    .text.EvrFreeRTOSQueue_CreateMutex  freertos_evr.o
    0x08000dec   0x08000dec   0x0000000c   Code   RO          377    .text.EvrFreeRTOSQueue_CreateMutexFailed  freertos_evr.o
    0x08000df8   0x08000df8   0x00000010   Code   RO          371    .text.EvrFreeRTOSQueue_QueueCreate  freertos_evr.o
    0x08000e08   0x08000e08   0x0000000c   Code   RO          373    .text.EvrFreeRTOSQueue_QueueCreateFailed  freertos_evr.o
    0x08000e14   0x08000e14   0x00000010   Code   RO          415    .text.EvrFreeRTOSQueue_QueueDelete  freertos_evr.o
    0x08000e24   0x08000e24   0x00000010   Code   RO          395    .text.EvrFreeRTOSQueue_QueueReceive  freertos_evr.o
    0x08000e34   0x08000e34   0x0000000c   Code   RO          403    .text.EvrFreeRTOSQueue_QueueReceiveFailed  freertos_evr.o
    0x08000e40   0x08000e40   0x00000010   Code   RO          391    .text.EvrFreeRTOSQueue_QueueSend  freertos_evr.o
    0x08000e50   0x08000e50   0x0000000c   Code   RO          393    .text.EvrFreeRTOSQueue_QueueSendFailed  freertos_evr.o
    0x08000e5c   0x08000e5c   0x00000076   Code   RO          317    .text.EvrFreeRTOSSetup  freertos_evr.o
    0x08000ed2   0x08000ed2   0x00000002   PAD
    0x08000ed4   0x08000ed4   0x00000010   Code   RO          349    .text.EvrFreeRTOSTasks_MovedTaskToReadyState  freertos_evr.o
    0x08000ee4   0x08000ee4   0x00000010   Code   RO          351    .text.EvrFreeRTOSTasks_PostMovedTaskToReadyState  freertos_evr.o
    0x08000ef4   0x08000ef4   0x0000000c   Code   RO          319    .text.EvrFreeRTOSTasks_TaskCreate  freertos_evr.o
    0x08000f00   0x08000f00   0x00000010   Code   RO          327    .text.EvrFreeRTOSTasks_TaskDelay  freertos_evr.o
    0x08000f10   0x08000f10   0x00000010   Code   RO          325    .text.EvrFreeRTOSTasks_TaskDelayUntil  freertos_evr.o
    0x08000f20   0x08000f20   0x00000010   Code   RO          337    .text.EvrFreeRTOSTasks_TaskIncrementTick  freertos_evr.o
    0x08000f30   0x08000f30   0x00000010   Code   RO          347    .text.EvrFreeRTOSTasks_TaskPriorityDisinherit  freertos_evr.o
    0x08000f40   0x08000f40   0x00000010   Code   RO          345    .text.EvrFreeRTOSTasks_TaskPriorityInherit  freertos_evr.o
    0x08000f50   0x08000f50   0x00000010   Code   RO          343    .text.EvrFreeRTOSTasks_TaskSwitchedIn  freertos_evr.o
    0x08000f60   0x08000f60   0x00000010   Code   RO          341    .text.EvrFreeRTOSTasks_TaskSwitchedOut  freertos_evr.o
    0x08000f70   0x08000f70   0x00000022   Code   RO          429    .text.EvrFreeRTOSTimers_TimerCommandReceived  freertos_evr.o
    0x08000f92   0x08000f92   0x00000002   PAD
    0x08000f94   0x08000f94   0x00000010   Code   RO          431    .text.EvrFreeRTOSTimers_TimerExpired  freertos_evr.o
    0x08000fa4   0x08000fa4   0x0000000c   PAD
    0x08000fb0   0x08000fb0   0x0000007a   Code   RO          572    .text.PendSV_Handler  port.o
    0x0800102a   0x0800102a   0x00000006   PAD
    0x08001030   0x08001030   0x0000002e   Code   RO          556    .text.SVC_Handler   port.o
    0x0800105e   0x0800105e   0x00000002   PAD
    0x08001060   0x08001060   0x0000001e   Code   RO           65    .text.SysTick_Handler  cmsis_os2.o
    0x0800107e   0x0800107e   0x00000002   PAD
    0x08001080   0x08001080   0x000000be   Code   RO          303    .text.SystemCoreClockUpdate  system_stm32l4xx.o
    0x0800113e   0x0800113e   0x00000002   PAD
    0x08001140   0x08001140   0x00000012   Code   RO          301    .text.SystemInit    system_stm32l4xx.o
    0x08001152   0x08001152   0x00000002   PAD
    0x08001154   0x08001154   0x00000024   Code   RO           47    .text._mutex_acquire  clib_arm.o
    0x08001178   0x08001178   0x00000030   Code   RO           51    .text._mutex_free   clib_arm.o
    0x080011a8   0x080011a8   0x0000005a   Code   RO           45    .text._mutex_initialize  clib_arm.o
    0x08001202   0x08001202   0x00000002   PAD
    0x08001204   0x08001204   0x00000026   Code   RO           49    .text._mutex_release  clib_arm.o
    0x0800122a   0x0800122a   0x00000002   PAD
    0x0800122c   0x0800122c   0x00000006   Code   RO           41    .text._platform_post_stackheap_init  clib_arm.o
    0x08001232   0x08001232   0x00000002   PAD
    0x08001234   0x08001234   0x000000e4   Code   RO            2    .text.led_gpio_config  led.o
    0x08001318   0x08001318   0x00000028   Code   RO            4    .text.led_off       led.o
    0x08001340   0x08001340   0x0000002a   Code   RO            6    .text.led_on        led.o
    0x0800136a   0x0800136a   0x00000002   PAD
    0x0800136c   0x0800136c   0x0000002a   Code   RO            8    .text.led_toggle    led.o
    0x08001396   0x08001396   0x00000002   PAD
    0x08001398   0x08001398   0x00000070   Code   RO           18    .text.main          main.o
    0x08001408   0x08001408   0x0000009e   Code   RO          694    .text.prvAddCurrentTaskToDelayedList  tasks.o
    0x080014a6   0x080014a6   0x00000002   PAD
    0x080014a8   0x080014a8   0x00000144   Code   RO          684    .text.prvAddNewTaskToReadyList  tasks.o
    0x080015ec   0x080015ec   0x00000082   Code   RO          718    .text.prvIdleTask   tasks.o
    0x0800166e   0x0800166e   0x00000002   PAD
    0x08001670   0x08001670   0x00000028   Code   RO          564    .text.prvPortStartFirstTask  port.o
    0x08001698   0x08001698   0x0000008e   Code   RO          860    .text.prvProcessExpiredTimer  timers.o
    0x08001726   0x08001726   0x00000002   PAD
    0x08001728   0x08001728   0x00000022   Code   RO          554    .text.prvTaskExitError  port.o
    0x0800174a   0x0800174a   0x00000002   PAD
    0x0800174c   0x0800174c   0x0000024a   Code   RO          822    .text.prvTimerTask  timers.o
    0x08001996   0x08001996   0x00000002   PAD
    0x08001998   0x08001998   0x00000074   Code   RO          640    .text.prvUnlockQueue  queue.o
    0x08001a0c   0x08001a0c   0x0000017c   Code   RO          585    .text.pvPortMalloc  heap_4.o
    0x08001b88   0x08001b88   0x00000018   Code   RO          774    .text.pvTaskIncrementMutexHeldCount  tasks.o
    0x08001ba0   0x08001ba0   0x00000028   Code   RO          552    .text.pxPortInitialiseStack  port.o
    0x08001bc8   0x08001bc8   0x00000036   Code   RO           20    .text.senderTask    main.o
    0x08001bfe   0x08001bfe   0x00000002   PAD
    0x08001c00   0x08001c00   0x0000011c   Code   RO           32    .text.system_clock_80MHz  system_clock_80mhz.o
    0x08001d1c   0x08001d1c   0x00000024   Code   RO          542    .text.uxListRemove  list.o
    0x08001d40   0x08001d40   0x0000001a   Code   RO          213    .text.vApplicationGetIdleTaskMemory  cmsis_os2.o
    0x08001d5a   0x08001d5a   0x00000002   PAD
    0x08001d5c   0x08001d5c   0x0000001a   Code   RO          215    .text.vApplicationGetTimerTaskMemory  cmsis_os2.o
    0x08001d76   0x08001d76   0x00000002   PAD
    0x08001d78   0x08001d78   0x00000002   Code   RO          211    .text.vApplicationStackOverflowHook  cmsis_os2.o
    0x08001d7a   0x08001d7a   0x00000002   PAD
    0x08001d7c   0x08001d7c   0x00000016   Code   RO          534    .text.vListInitialise  list.o
    0x08001d92   0x08001d92   0x00000002   PAD
    0x08001d94   0x08001d94   0x00000006   Code   RO          536    .text.vListInitialiseItem  list.o
    0x08001d9a   0x08001d9a   0x00000002   PAD
    0x08001d9c   0x08001d9c   0x0000003a   Code   RO          540    .text.vListInsert   list.o
    0x08001dd6   0x08001dd6   0x00000002   PAD
    0x08001dd8   0x08001dd8   0x00000014   Code   RO          562    .text.vPortEnableVFP  port.o
    0x08001dec   0x08001dec   0x00000020   Code   RO          568    .text.vPortEnterCritical  port.o
    0x08001e0c   0x08001e0c   0x0000001a   Code   RO          570    .text.vPortExitCritical  port.o
    0x08001e26   0x08001e26   0x00000002   PAD
    0x08001e28   0x08001e28   0x000000a6   Code   RO          587    .text.vPortFree     heap_4.o
    0x08001ece   0x08001ece   0x00000002   PAD
    0x08001ed0   0x08001ed0   0x00000034   Code   RO          560    .text.vPortSetupTimerInterrupt  port.o
    0x08001f04   0x08001f04   0x0000001c   Code   RO          660    .text.vQueueDelete  queue.o
    0x08001f20   0x08001f20   0x00000046   Code   RO          672    .text.vQueueWaitForMessageRestricted  queue.o
    0x08001f66   0x08001f66   0x00000002   PAD
    0x08001f68   0x08001f68   0x00000094   Code   RO          698    .text.vTaskDelay    tasks.o
    0x08001ffc   0x08001ffc   0x0000001a   Code   RO          748    .text.vTaskInternalSetTimeOutState  tasks.o
    0x08002016   0x08002016   0x00000002   PAD
    0x08002018   0x08002018   0x0000000e   Code   RO          752    .text.vTaskMissedYield  tasks.o
    0x08002026   0x08002026   0x00000002   PAD
    0x08002028   0x08002028   0x00000020   Code   RO          736    .text.vTaskPlaceOnEventList  tasks.o
    0x08002048   0x08002048   0x00000062   Code   RO          740    .text.vTaskPlaceOnEventListRestricted  tasks.o
    0x080020aa   0x080020aa   0x00000002   PAD
    0x080020ac   0x080020ac   0x0000009a   Code   RO          770    .text.vTaskPriorityDisinheritAfterTimeout  tasks.o
    0x08002146   0x08002146   0x00000002   PAD
    0x08002148   0x08002148   0x000000ac   Code   RO          716    .text.vTaskStartScheduler  tasks.o
    0x080021f4   0x080021f4   0x00000010   Code   RO          692    .text.vTaskSuspendAll  tasks.o
    0x08002204   0x08002204   0x000000c0   Code   RO          710    .text.vTaskSwitchContext  tasks.o
    0x080022c4   0x080022c4   0x00000064   Code   RO          558    .text.xPortStartScheduler  port.o
    0x08002328   0x08002328   0x0000002e   Code   RO          574    .text.xPortSysTickHandler  port.o
    0x08002356   0x08002356   0x00000002   PAD
    0x08002358   0x08002358   0x00000036   Code   RO          620    .text.xQueueCreateMutex  queue.o
    0x0800238e   0x0800238e   0x00000002   PAD
    0x08002390   0x08002390   0x0000008a   Code   RO          622    .text.xQueueCreateMutexStatic  queue.o
    0x0800241a   0x0800241a   0x00000002   PAD
    0x0800241c   0x0800241c   0x00000094   Code   RO          618    .text.xQueueGenericCreate  queue.o
    0x080024b0   0x080024b0   0x00000086   Code   RO          616    .text.xQueueGenericCreateStatic  queue.o
    0x08002536   0x08002536   0x00000002   PAD
    0x08002538   0x08002538   0x000001ba   Code   RO          630    .text.xQueueGenericSend  queue.o
    0x080026f2   0x080026f2   0x00000002   PAD
    0x080026f4   0x080026f4   0x00000168   Code   RO          646    .text.xQueueReceive  queue.o
    0x0800285c   0x0800285c   0x0000018c   Code   RO          634    .text.xQueueSemaphoreTake  queue.o
    0x080029e8   0x080029e8   0x00000068   Code   RO          750    .text.xTaskCheckForTimeOut  tasks.o
    0x08002a50   0x08002a50   0x000000d8   Code   RO          686    .text.xTaskCreate   tasks.o
    0x08002b28   0x08002b28   0x000000a8   Code   RO          682    .text.xTaskCreateStatic  tasks.o
    0x08002bd0   0x08002bd0   0x00000026   Code   RO          764    .text.xTaskGetSchedulerState  tasks.o
    0x08002bf6   0x08002bf6   0x00000002   PAD
    0x08002bf8   0x08002bf8   0x0000000c   Code   RO          724    .text.xTaskGetTickCount  tasks.o
    0x08002c04   0x08002c04   0x000001b2   Code   RO          722    .text.xTaskIncrementTick  tasks.o
    0x08002db6   0x08002db6   0x00000002   PAD
    0x08002db8   0x08002db8   0x00000088   Code   RO          768    .text.xTaskPriorityDisinherit  tasks.o
    0x08002e40   0x08002e40   0x000000be   Code   RO          766    .text.xTaskPriorityInherit  tasks.o
    0x08002efe   0x08002efe   0x00000002   PAD
    0x08002f00   0x08002f00   0x000000e0   Code   RO          742    .text.xTaskRemoveFromEventList  tasks.o
    0x08002fe0   0x08002fe0   0x0000018e   Code   RO          696    .text.xTaskResumeAll  tasks.o
    0x0800316e   0x0800316e   0x00000002   PAD
    0x08003170   0x08003170   0x000000b8   Code   RO          820    .text.xTimerCreateTimerTask  timers.o
    0x08003228   0x08003228   0x0000001a   Code   RO          979    x$fpl$fpinit        fz_wm.l(fpinit.o)
    0x08003242   0x08003242   0x00000010   Data   RO          306    .rodata.AHBPrescTable  system_stm32l4xx.o
    0x08003252   0x08003252   0x00000002   PAD
    0x08003254   0x08003254   0x00000018   Data   RO          282    .rodata.EventRecorderInfo  eventrecorder.o
    0x0800326c   0x0800326c   0x00000030   Data   RO          308    .rodata.MSIRangeTable  system_stm32l4xx.o
    0x0800329c   0x0800329c   0x00000004   Data   RO          791    .rodata.uxTopUsedPriority  tasks.o
    0x080032a0   0x080032a0   0x00000020   Data   RO         1054    Region$$Table       anon$$obj.o


    Execution Region RW_IRAM1 (Exec base: 0x20000000, Load base: 0x080032c0, Size: 0x00003718, Max: 0x00018000, ABSOLUTE)

    Exec Addr    Load Addr    Size         Type   Attr      Idx    E Section Name        Object

    0x20000000   0x080032c0   0x00000004   Data   RW          305    .data.SystemCoreClock  system_stm32l4xx.o
    0x20000004   0x080032c4   0x00000004   Data   RW          576    .data.uxCriticalNesting  port.o
    0x20000008   0x080032c8   0x00000038   PAD
    0x20000040        -       0x00000060   Zero   RW          919    .bss                c_w.l(libspace.o)
    0x200000a0        -       0x00000001   Zero   RW          489    .bss.EvrFreeRTOSSetup.init  freertos_evr.o
    0x200000a1        -       0x00000001   Zero   RW          283    .bss.TS_OverflowLock  eventrecorder.o
    0x200000a2   0x080032c8   0x00000002   PAD
    0x200000a4        -       0x00000190   Zero   RW           56    .bss.clib_mutex_cb  clib_arm.o
    0x20000234        -       0x00000014   Zero   RW           55    .bss.clib_mutex_id  clib_arm.o
    0x20000248   0x080032c8   0x00000038   PAD
    0x20000280        -       0x000004a4   Zero   RW          281    .bss.noinit         eventrecorder.o
    0x20000724        -       0x00000050   Zero   RW          870    .bss.prvCheckForValidListAndQueue.ucStaticTimerQueueStorage  timers.o
    0x20000774        -       0x00000050   Zero   RW          869    .bss.prvCheckForValidListAndQueue.xStaticTimerQueue  timers.o
    0x200007c4        -       0x00000004   Zero   RW          866    .bss.prvSampleTimeNow.xLastTime  timers.o
    0x200007c8        -       0x00000004   Zero   RW          790    .bss.pxCurrentTCB   tasks.o
    0x200007cc        -       0x00000004   Zero   RW          864    .bss.pxCurrentTimerList  timers.o
    0x200007d0        -       0x00000004   Zero   RW          798    .bss.pxDelayedTaskList  tasks.o
    0x200007d4        -       0x00000004   Zero   RW          599    .bss.pxEnd          heap_4.o
    0x200007d8        -       0x00000004   Zero   RW          799    .bss.pxOverflowDelayedTaskList  tasks.o
    0x200007dc        -       0x00000004   Zero   RW          865    .bss.pxOverflowTimerList  timers.o
    0x200007e0        -       0x00000460   Zero   RW          801    .bss.pxReadyTasksLists  tasks.o
    0x20000c40        -       0x00002000   Zero   RW          605    .bss.ucHeap         heap_4.o
    0x20002c40        -       0x00000004   Zero   RW          795    .bss.uxCurrentNumberOfTasks  tasks.o
    0x20002c44        -       0x00000004   Zero   RW          794    .bss.uxDeletedTasksWaitingCleanUp  tasks.o
    0x20002c48        -       0x00000004   Zero   RW          803    .bss.uxSchedulerSuspended  tasks.o
    0x20002c4c        -       0x00000004   Zero   RW          792    .bss.uxTaskNumber   tasks.o
    0x20002c50        -       0x00000004   Zero   RW          802    .bss.uxTopReadyPriority  tasks.o
    0x20002c54        -       0x00000200   Zero   RW          219    .bss.vApplicationGetIdleTaskMemory.Idle_Stack  cmsis_os2.o
    0x20002e54        -       0x0000005c   Zero   RW          218    .bss.vApplicationGetIdleTaskMemory.Idle_TCB  cmsis_os2.o
    0x20002eb0        -       0x00000140   Zero   RW          221    .bss.vApplicationGetTimerTaskMemory.Timer_Stack  cmsis_os2.o
    0x20002ff0        -       0x0000005c   Zero   RW          220    .bss.vApplicationGetTimerTaskMemory.Timer_TCB  cmsis_os2.o
    0x2000304c        -       0x00000014   Zero   RW          867    .bss.xActiveTimerList1  timers.o
    0x20003060        -       0x00000014   Zero   RW          868    .bss.xActiveTimerList2  timers.o
    0x20003074        -       0x00000014   Zero   RW          810    .bss.xDelayedTaskList1  tasks.o
    0x20003088        -       0x00000014   Zero   RW          811    .bss.xDelayedTaskList2  tasks.o
    0x2000309c        -       0x00000004   Zero   RW          600    .bss.xFreeBytesRemaining  heap_4.o
    0x200030a0        -       0x00000004   Zero   RW          806    .bss.xIdleTaskHandle  tasks.o
    0x200030a4        -       0x00000004   Zero   RW          602    .bss.xMinimumEverFreeBytesRemaining  heap_4.o
    0x200030a8        -       0x00000004   Zero   RW          807    .bss.xNextTaskUnblockTime  tasks.o
    0x200030ac        -       0x00000004   Zero   RW          809    .bss.xNumOfOverflows  tasks.o
    0x200030b0        -       0x00000004   Zero   RW          603    .bss.xNumberOfSuccessfulAllocations  heap_4.o
    0x200030b4        -       0x00000004   Zero   RW          604    .bss.xNumberOfSuccessfulFrees  heap_4.o
    0x200030b8        -       0x00000004   Zero   RW          808    .bss.xPendedTicks   tasks.o
    0x200030bc        -       0x00000014   Zero   RW          805    .bss.xPendingReadyList  tasks.o
    0x200030d0        -       0x00000004   Zero   RW           22    .bss.xQueue         main.o
    0x200030d4        -       0x00000004   Zero   RW          796    .bss.xSchedulerRunning  tasks.o
    0x200030d8        -       0x00000008   Zero   RW          601    .bss.xStart         heap_4.o
    0x200030e0        -       0x00000014   Zero   RW          800    .bss.xSuspendedTaskList  tasks.o
    0x200030f4        -       0x00000014   Zero   RW          793    .bss.xTasksWaitingTermination  tasks.o
    0x20003108        -       0x00000004   Zero   RW          797    .bss.xTickCount     tasks.o
    0x2000310c        -       0x00000004   Zero   RW          862    .bss.xTimerQueue    timers.o
    0x20003110        -       0x00000004   Zero   RW          863    .bss.xTimerTaskHandle  timers.o
    0x20003114        -       0x00000004   Zero   RW          804    .bss.xYieldPending  tasks.o
    0x20003118        -       0x00000200   Zero   RW          292    HEAP                startup_stm32l476xx.o
    0x20003318        -       0x00000400   Zero   RW          291    STACK               startup_stm32l476xx.o


==============================================================================

Image component sizes


      Code (inc. data)   RO Data    RW Data    ZI Data      Debug   Object Name

       218          0          0          0        420       4315   clib_arm.o
        84          0          0          0       1016      59883   cmsis_os2.o
      2338          0         24          0       1189      21179   eventrecorder.o
       512          0          0          0          1      18153   freertos_evr.o
       546          0          0          0       8220       5365   heap_4.o
       352          0          0          0          0       2682   led.o
       122          0          0          0          0       2422   list.o
       166         12          0          0          4       1462   main.o
       558         16          0          4          0       3123   port.o
      1886          0          0          0          0      20818   queue.o
        64         26        392          0       1536        960   startup_stm32l476xx.o
       284          0          0          0          0       2239   system_clock_80mhz.o
       208          4         64          4          0       3166   system_stm32l4xx.o
      3408          8          4          0       1280      36462   tasks.o
       912         18          0          0        220      14463   timers.o

    ----------------------------------------------------------------------
     11756         84        518          8      14000     196692   Object Totals
         0          0         32          0          0          0   (incl. Generated)
        98          0          2          0        114          0   (incl. Padding)

    ----------------------------------------------------------------------

      Code (inc. data)   RO Data    RW Data    ZI Data      Debug   Library Member Name

         8          0          0          0          0         68   __main.o
         0          0          0          0          0          0   __rtentry.o
        20          0          0          0          0          0   __rtentry2.o
         6          0          0          0          0          0   __rtentry4.o
        52          8          0          0          0          0   __scatter.o
        26          0          0          0          0          0   __scatter_copy.o
        28          0          0          0          0          0   __scatter_zi.o
        16          0          0          0          0         68   aeabi_memset4.o
        18          0          0          0          0         80   exit.o
         6          0          0          0          0        152   heapauxi.o
         0          0          0          0          0          0   indicate_semi.o
         2          0          0          0          0          0   libinit.o
         6          0          0          0          0          0   libinit2.o
         2          0          0          0          0          0   libshutdown.o
         2          0          0          0          0          0   libshutdown2.o
         8          4          0          0         96         68   libspace.o
        68          0          0          0          0         68   rt_memclr.o
        78          0          0          0          0         80   rt_memclr_w.o
       138          0          0          0          0         68   rt_memcpy_v6.o
       100          0          0          0          0         80   rt_memcpy_w.o
         2          0          0          0          0          0   rtexit.o
        10          0          0          0          0          0   rtexit2.o
        12          4          0          0          0         68   sys_exit.o
        74          0          0          0          0         80   sys_stackheap_outer.o
         2          0          0          0          0         68   use_no_semi.o
        26          0          0          0          0        116   fpinit.o

    ----------------------------------------------------------------------
       718         16          0          0         96       1064   Library Totals
         8          0          0          0          0          0   (incl. Padding)

    ----------------------------------------------------------------------

      Code (inc. data)   RO Data    RW Data    ZI Data      Debug   Library Name

       684         16          0          0         96        948   c_w.l
        26          0          0          0          0        116   fz_wm.l

    ----------------------------------------------------------------------
       718         16          0          0         96       1064   Library Totals

    ----------------------------------------------------------------------

==============================================================================


      Code (inc. data)   RO Data    RW Data    ZI Data      Debug   

     12474        100        518          8      14096     197080   Grand Totals
     12474        100        518          8      14096     197080   ELF Image Totals
     12474        100        518          8          0          0   ROM Totals

==============================================================================

    Total RO  Size (Code + RO Data)                12992 (  12.69kB)
    Total RW  Size (RW Data + ZI Data)             14104 (  13.77kB)
    Total ROM Size (Code + RO Data + RW Data)      13000 (  12.70kB)

==============================================================================

